Warning: Vehicle 'veh_000188' performs emergency braking on lane 'N_in_0' with decel=9.00, wished=4.50, severity=1.00, time=227.00.
Warning: Vehicle 'veh_000188' performs emergency stop at the end of lane 'N_in_0' because of a red traffic light (decel=-13.07, offset=2.04), time=227.00.
Warning: Vehicle 'veh_000185' performs emergency braking on lane 'S_in_0' with decel=9.00, wished=4.50, severity=1.00, time=227.00.
Warning: Vehicle 'veh_000185' performs emergency stop at the end of lane 'S_in_0' because of a red traffic light (decel=-12.80, offset=1.90), time=227.00.
Warning: Vehicle 'veh_000043' performs emergency braking on lane 'S_in_0' with decel=9.00, wished=4.50, severity=1.00, time=47.00.
Warning: Vehicle 'veh_000043' performs emergency stop at the end of lane 'S_in_0' because of a red traffic light (decel=-12.04, offset=1.52), time=47.00.
Warning: Vehicle 'veh_000069' performs emergency braking on lane 'S_in_0' with decel=9.00, wished=4.50, severity=1.00, time=93.00.
Warning: Vehicle 'veh_000069' performs emergency stop at the end of lane 'S_in_0' because of a red traffic light (decel=-11.72, offset=1.36), time=93.00.
Warning: Vehicle 'veh_000047' performs emergency braking on lane 'E_in_0' with decel=9.00, wished=4.50, severity=1.00, time=83.00.
Warning: Vehicle 'veh_000047' performs emergency stop at the end of lane 'E_in_0' because of a red traffic light (decel=-12.06, offset=1.53), time=83.00.
Warning: Vehicle 'veh_000067' performs emergency braking on lane 'S_in_0' with decel=9.00, wished=4.50, severity=1.00, time=85.00.
Warning: Vehicle 'veh_000067' performs emergency stop at the end of lane 'S_in_0' because of a red traffic light (decel=-12.86, offset=1.90), time=85.00.
Warning: Vehicle 'veh_000034' performs emergency braking on lane 'E_in_0' with decel=9.00, wished=4.50, severity=1.00, time=57.00.
Warning: Vehicle 'veh_000034' performs emergency stop at the end of lane 'E_in_0' because of a red traffic light (decel=-10.48, offset=0.74), time=57.00.
{"model": "queue_s11/models/dqn_20000.zip", "waiting_improvement_pct": -43.0811172392652, "queue_improvement_pct": -35.81980326083252, "throughput_change_pct": -15.986918045402087, "all_primary_better": false}
Warning: Vehicle 'veh_000013' performs emergency braking on lane 'W_in_0' with decel=9.00, wished=4.50, severity=1.00, time=39.00.
Warning: Vehicle 'veh_000013' performs emergency stop at the end of lane 'W_in_0' because of a red traffic light (decel=-12.95, offset=1.97), time=39.00.
{"model": "queue_s11/models/dqn_50000.zip", "waiting_improvement_pct": -25.243542586611433, "queue_improvement_pct": -28.790973144082503, "throughput_change_pct": -17.256637168141594, "all_primary_better": false}
Warning: Vehicle 'veh_000013' performs emergency braking on lane 'W_in_0' with decel=9.00, wished=4.50, severity=1.00, time=39.00.
Warning: Vehicle 'veh_000013' performs emergency stop at the end of lane 'W_in_0' because of a red traffic light (decel=-12.95, offset=1.97), time=39.00.
Warning: Vehicle 'veh_000076' performs emergency braking on lane 'N_in_0' with decel=9.00, wished=4.50, severity=1.00, time=119.00.
Warning: Vehicle 'veh_000076' performs emergency stop at the end of lane 'N_in_0' because of a red traffic light (decel=-11.72, offset=1.36), time=119.00.
Warning: Vehicle 'veh_000037' performs emergency braking on lane 'S_in_0' with decel=9.00, wished=4.50, severity=1.00, time=57.00.
Warning: Vehicle 'veh_000037' performs emergency stop at the end of lane 'S_in_0' because of a red traffic light (decel=-11.21, offset=1.11), time=57.00.
{"model": "queue_s11/models/dqn_100000.zip", "waiting_improvement_pct": 3.719749295261533, "queue_improvement_pct": -2.6941012287688504, "throughput_change_pct": -5.771450557906887, "all_primary_better": false}
