Warning: Vehicle 'veh_000010' performs emergency braking on lane 'N_in_0' with decel=9.00, wished=4.50, severity=1.00, time=31.00.
Warning: Vehicle 'veh_000010' performs emergency stop at the end of lane 'N_in_0' because of a red traffic light (decel=-13.30, offset=1.82), time=31.00.
Warning: Vehicle 'veh_000005' performs emergency braking on lane 'S_in_0' with decel=9.00, wished=4.50, severity=1.00, time=38.00.
Warning: Vehicle 'veh_000005' performs emergency stop at the end of lane 'S_in_0' because of a red traffic light (decel=-11.38, offset=1.19), time=38.00.
Warning: Vehicle 'veh_000005' performs emergency braking on lane 'N_in_0' with decel=9.00, wished=4.50, severity=1.00, time=28.00.
Warning: Vehicle 'veh_000005' performs emergency stop at the end of lane 'N_in_0' because of a red traffic light (decel=-10.98, offset=0.99), time=28.00.
Warning: Vehicle 'veh_000023' performs emergency braking on lane 'E_in_0' with decel=9.00, wished=4.50, severity=1.00, time=48.00.
Warning: Vehicle 'veh_000023' performs emergency stop at the end of lane 'E_in_0' because of a red traffic light (decel=-13.08, offset=1.43), time=48.00.
{"seed": 11, "steps": 10000, "updates": 1249, "elapsed": 58.9}
Warning: Vehicle 'veh_000095' performs emergency braking on lane 'W_in_0' with decel=9.00, wished=4.50, severity=1.00, time=130.00.
Warning: Vehicle 'veh_000095' performs emergency stop at the end of lane 'W_in_0' because of a red traffic light (decel=-13.04, offset=2.02), time=130.00.
Warning: Vehicle 'veh_000063' performs emergency braking on lane 'N_in_0' with decel=9.00, wished=4.50, severity=1.00, time=148.00.
Warning: Vehicle 'veh_000063' performs emergency stop at the end of lane 'N_in_0' because of a red traffic light (decel=-12.17, offset=1.58), time=148.00.
Warning: Vehicle 'veh_000023' performs emergency braking on lane 'S_in_0' with decel=9.00, wished=4.50, severity=1.00, time=48.00.
Warning: Vehicle 'veh_000023' performs emergency stop at the end of lane 'S_in_0' because of a red traffic light (decel=-13.12, offset=1.55), time=48.00.
{"seed": 11, "steps": 20000, "updates": 3749, "elapsed": 133.6}
Warning: Vehicle 'veh_000234' performs emergency braking on lane 'N_in_0' with decel=9.00, wished=4.50, severity=1.00, time=257.00.
Warning: Vehicle 'veh_000234' performs emergency stop at the end of lane 'N_in_0' because of a red traffic light (decel=-12.70, offset=1.85), time=257.00.
{"seed": 11, "steps": 30000, "updates": 6249, "elapsed": 211.4}
Warning: Vehicle 'veh_000233' performs emergency braking on lane 'S_in_0' with decel=9.00, wished=4.50, severity=1.00, time=242.00.
Warning: Vehicle 'veh_000233' performs emergency stop at the end of lane 'S_in_0' because of a red traffic light (decel=-10.96, offset=0.98), time=242.00.
Warning: Vehicle 'veh_000173' performs emergency braking on lane 'N_in_0' with decel=9.00, wished=4.50, severity=1.00, time=162.00.
Warning: Vehicle 'veh_000173' performs emergency stop at the end of lane 'N_in_0' because of a red traffic light (decel=-12.95, offset=1.97), time=162.00.
Warning: Vehicle 'veh_000062' performs emergency braking on lane 'E_in_0' with decel=9.00, wished=4.50, severity=1.00, time=112.00.
Warning: Vehicle 'veh_000062' performs emergency stop at the end of lane 'E_in_0' because of a red traffic light (decel=-12.53, offset=1.77), time=112.00.
{"seed": 11, "steps": 40000, "updates": 8749, "elapsed": 285.1}
Warning: Vehicle 'veh_000097' performs emergency braking on lane 'S_in_0' with decel=9.00, wished=4.50, severity=1.00, time=117.00.
Warning: Vehicle 'veh_000097' performs emergency stop at the end of lane 'S_in_0' because of a red traffic light (decel=-10.89, offset=0.95), time=117.00.
Warning: Vehicle 'veh_000007' performs emergency braking on lane 'N_in_0' with decel=9.00, wished=4.50, severity=1.00, time=28.00.
Warning: Vehicle 'veh_000007' performs emergency stop at the end of lane 'N_in_0' because of a red traffic light (decel=-13.02, offset=1.88), time=28.00.
{"seed": 11, "steps": 50000, "updates": 11249, "elapsed": 351.9}
Warning: Vehicle 'veh_000040' performs emergency braking on lane 'W_in_0' with decel=9.00, wished=4.50, severity=1.00, time=78.00.
Warning: Vehicle 'veh_000040' performs emergency stop at the end of lane 'W_in_0' because of a red traffic light (decel=-11.56, offset=1.28), time=78.00.
Warning: Vehicle 'veh_000207' performs emergency braking on lane 'S_in_0' with decel=9.00, wished=4.50, severity=1.00, time=262.00.
Warning: Vehicle 'veh_000207' performs emergency stop at the end of lane 'S_in_0' because of a red traffic light (decel=-12.58, offset=1.79), time=262.00.
{"seed": 11, "steps": 60000, "updates": 13749, "elapsed": 426.9}
Warning: Vehicle 'veh_000097' performs emergency braking on lane 'W_in_0' with decel=9.00, wished=4.50, severity=1.00, time=232.00.
Warning: Vehicle 'veh_000097' performs emergency stop at the end of lane 'W_in_0' because of a red traffic light (decel=-11.72, offset=1.36), time=232.00.
Warning: Vehicle 'veh_000198' performs emergency braking on lane 'W_in_0' with decel=9.00, wished=4.50, severity=1.00, time=249.00.
Warning: Vehicle 'veh_000198' performs emergency stop at the end of lane 'W_in_0' because of a red traffic light (decel=-12.64, offset=1.82), time=249.00.
{"seed": 11, "steps": 70000, "updates": 16249, "elapsed": 528.6}
Warning: Vehicle 'veh_000011' performs emergency braking on lane 'N_in_0' with decel=9.00, wished=4.50, severity=1.00, time=31.00.
Warning: Vehicle 'veh_000011' performs emergency stop at the end of lane 'N_in_0' because of a red traffic light (decel=-11.01, offset=1.01), time=31.00.
Warning: Vehicle 'veh_000020' performs emergency braking on lane 'E_in_0' with decel=9.00, wished=4.50, severity=1.00, time=50.00.
Warning: Vehicle 'veh_000020' performs emergency stop at the end of lane 'E_in_0' because of a red traffic light (decel=-13.09, offset=2.04), time=50.00.
Warning: Vehicle 'veh_000000' performs emergency braking on lane 'W_in_0' with decel=9.00, wished=4.50, severity=1.00, time=24.00.
Warning: Vehicle 'veh_000000' performs emergency stop at the end of lane 'W_in_0' because of a red traffic light (decel=-11.55, offset=1.28), time=24.00.
Warning: Vehicle 'veh_000008' performs emergency braking on lane 'N_in_0' with decel=9.00, wished=4.50, severity=1.00, time=28.00.
Warning: Vehicle 'veh_000008' performs emergency stop at the end of lane 'N_in_0' because of a red traffic light (decel=-12.74, offset=1.87), time=28.00.
{"seed": 11, "steps": 80000, "updates": 18749, "elapsed": 610.3}
Warning: Vehicle 'veh_000042' performs emergency braking on lane 'N_in_0' with decel=9.00, wished=4.50, severity=1.00, time=53.00.
Warning: Vehicle 'veh_000042' performs emergency stop at the end of lane 'N_in_0' because of a red traffic light (decel=-12.98, offset=1.99), time=53.00.
Warning: Vehicle 'veh_000008' performs emergency braking on lane 'S_in_0' with decel=9.00, wished=4.50, severity=1.00, time=34.00.
Warning: Vehicle 'veh_000008' performs emergency stop at the end of lane 'S_in_0' because of a red traffic light (decel=-13.40, offset=1.96), time=34.00.
{"seed": 11, "steps": 90000, "updates": 21249, "elapsed": 686.5}
Warning: Vehicle 'veh_000023' performs emergency braking on lane 'E_in_0' with decel=9.00, wished=4.50, severity=1.00, time=51.00.
Warning: Vehicle 'veh_000023' performs emergency stop at the end of lane 'E_in_0' because of a red traffic light (decel=-10.63, offset=0.81), time=51.00.
{"seed": 11, "steps": 100000, "updates": 23749, "elapsed": 756.7}
COMPLETE seed=11 steps=100000
