Warning: Vehicle 'veh_000009' performs emergency braking on lane 'W_in_0' with decel=9.00, wished=4.50, severity=1.00, time=30.00.
Warning: Vehicle 'veh_000009' performs emergency stop at the end of lane 'W_in_0' because of a red traffic light (decel=-13.00, offset=2.00), time=30.00.
Warning: Vehicle 'veh_000161' performs emergency braking on lane 'W_in_0' with decel=9.00, wished=4.50, severity=1.00, time=238.00.
Warning: Vehicle 'veh_000161' performs emergency stop at the end of lane 'W_in_0' because of a red traffic light (decel=-12.04, offset=1.52), time=238.00.
{"seed": 33, "steps": 10000, "updates": 1249, "elapsed": 65.5}
{"seed": 33, "steps": 20000, "updates": 3749, "elapsed": 152.8}
{"seed": 33, "steps": 30000, "updates": 6249, "elapsed": 226.7}
Warning: Vehicle 'veh_000129' performs emergency braking on lane 'W_in_0' with decel=9.00, wished=4.50, severity=1.00, time=161.00.
Warning: Vehicle 'veh_000129' performs emergency stop at the end of lane 'W_in_0' because of a red traffic light (decel=-13.25, offset=2.12), time=161.00.
{"seed": 33, "steps": 40000, "updates": 8749, "elapsed": 301.9}
Warning: Vehicle 'veh_000137' performs emergency braking on lane 'W_in_0' with decel=9.00, wished=4.50, severity=1.00, time=171.00.
Warning: Vehicle 'veh_000137' performs emergency stop at the end of lane 'W_in_0' because of a red traffic light (decel=-13.09, offset=2.05), time=171.00.
{"seed": 33, "steps": 50000, "updates": 11249, "elapsed": 375.8}
Warning: Vehicle 'veh_000049' performs emergency braking on lane 'N_in_0' with decel=9.00, wished=4.50, severity=1.00, time=85.00.
Warning: Vehicle 'veh_000049' performs emergency stop at the end of lane 'N_in_0' because of a red traffic light (decel=-12.13, offset=1.57), time=85.00.
Warning: Vehicle 'veh_000148' performs emergency braking on lane 'W_in_0' with decel=9.00, wished=4.50, severity=1.00, time=226.00.
Warning: Vehicle 'veh_000148' performs emergency stop at the end of lane 'W_in_0' because of a red traffic light (decel=-11.60, offset=1.30), time=226.00.
{"seed": 33, "steps": 60000, "updates": 13749, "elapsed": 803.4}
Warning: Vehicle 'veh_000015' performs emergency braking on lane 'S_in_0' with decel=9.00, wished=4.50, severity=1.00, time=45.00.
Warning: Vehicle 'veh_000015' performs emergency stop at the end of lane 'S_in_0' because of a red traffic light (decel=-13.13, offset=2.06), time=45.00.
{"seed": 33, "steps": 70000, "updates": 16249, "elapsed": 867.6}
Warning: Vehicle 'veh_000005' performs emergency braking on lane 'S_in_0' with decel=9.00, wished=4.50, severity=1.00, time=31.00.
Warning: Vehicle 'veh_000005' performs emergency stop at the end of lane 'S_in_0' because of a red traffic light (decel=-10.87, offset=0.93), time=31.00.
Warning: Vehicle 'veh_000046' performs emergency braking on lane 'E_in_0' with decel=9.00, wished=4.50, severity=1.00, time=90.00.
Warning: Vehicle 'veh_000046' performs emergency stop at the end of lane 'E_in_0' because of a red traffic light (decel=-13.49, offset=2.24), time=90.00.
{"seed": 33, "steps": 80000, "updates": 18749, "elapsed": 933.9}
Warning: Vehicle 'veh_000122' performs emergency braking on lane 'S_in_0' with decel=9.00, wished=4.50, severity=1.00, time=246.00.
Warning: Vehicle 'veh_000122' performs emergency stop at the end of lane 'S_in_0' because of a red traffic light (decel=-14.69, offset=2.69), time=246.00.
{"seed": 33, "steps": 90000, "updates": 21249, "elapsed": 1306.3}
Warning: Vehicle 'veh_000128' performs emergency braking on lane 'E_in_0' with decel=9.00, wished=4.50, severity=1.00, time=138.00.
Warning: Vehicle 'veh_000128' performs emergency stop at the end of lane 'E_in_0' because of a red traffic light (decel=-13.16, offset=2.08), time=138.00.
Warning: Vehicle 'veh_000170' performs emergency braking on lane 'E_in_0' with decel=9.00, wished=4.50, severity=1.00, time=190.00.
Warning: Vehicle 'veh_000170' performs emergency stop at the end of lane 'E_in_0' because of a red traffic light (decel=-13.43, offset=1.89), time=190.00.
Warning: Vehicle 'veh_000177' performs emergency braking on lane 'N_in_0' with decel=9.00, wished=4.50, severity=1.00, time=175.00.
Warning: Vehicle 'veh_000177' performs emergency stop at the end of lane 'N_in_0' because of a red traffic light (decel=-12.90, offset=1.95), time=175.00.
Warning: Vehicle 'veh_000009' performs emergency braking on lane 'S_in_0' with decel=9.00, wished=4.50, severity=1.00, time=41.00.
Warning: Vehicle 'veh_000009' performs emergency stop at the end of lane 'S_in_0' because of a red traffic light (decel=-13.28, offset=2.14), time=41.00.
Warning: Vehicle 'veh_000020' performs emergency braking on lane 'W_in_0' with decel=9.00, wished=4.50, severity=1.00, time=45.00.
Warning: Vehicle 'veh_000020' performs emergency stop at the end of lane 'W_in_0' because of a red traffic light (decel=-12.49, offset=1.74), time=45.00.
{"seed": 33, "steps": 100000, "updates": 23749, "elapsed": 1357.0}
COMPLETE seed=33 steps=100000
