Warning: Vehicle 'veh_000009' performs emergency braking on lane 'W_in_0' with decel=9.00, wished=4.50, severity=1.00, time=30.00.
Warning: Vehicle 'veh_000009' performs emergency stop at the end of lane 'W_in_0' because of a red traffic light (decel=-13.00, offset=2.00), time=30.00.
{"seed": 33, "steps": 10000, "updates": 1249, "elapsed": 46.2}
Warning: Vehicle 'veh_000071' performs emergency braking on lane 'E_in_0' with decel=9.00, wished=4.50, severity=1.00, time=97.00.
Warning: Vehicle 'veh_000071' performs emergency stop at the end of lane 'E_in_0' because of a red traffic light (decel=-12.64, offset=1.82), time=97.00.
{"seed": 33, "steps": 20000, "updates": 3749, "elapsed": 96.4}
Warning: Vehicle 'veh_000159' performs emergency braking on lane 'N_in_0' with decel=9.00, wished=4.50, severity=1.00, time=172.00.
Warning: Vehicle 'veh_000159' performs emergency stop at the end of lane 'N_in_0' because of a red traffic light (decel=-12.64, offset=1.82), time=172.00.
Warning: Vehicle 'veh_000218' performs emergency braking on lane 'N_in_0' with decel=9.00, wished=4.50, severity=1.00, time=212.00.
Warning: Vehicle 'veh_000218' performs emergency stop at the end of lane 'N_in_0' because of a red traffic light (decel=-12.85, offset=1.92), time=212.00.
{"seed": 33, "steps": 30000, "updates": 6249, "elapsed": 153.6}
{"seed": 33, "steps": 40000, "updates": 8749, "elapsed": 209.7}
Warning: Vehicle 'veh_000033' performs emergency braking on lane 'W_in_0' with decel=9.00, wished=4.50, severity=1.00, time=63.00.
Warning: Vehicle 'veh_000033' performs emergency stop at the end of lane 'W_in_0' because of a red traffic light (decel=-13.13, offset=2.07), time=63.00.
{"seed": 33, "steps": 50000, "updates": 11249, "elapsed": 274.9}
Warning: Vehicle 'veh_000006' performs emergency braking on lane 'S_in_0' with decel=9.00, wished=4.50, severity=1.00, time=32.00.
Warning: Vehicle 'veh_000006' performs emergency stop at the end of lane 'S_in_0' because of a red traffic light (decel=-11.13, offset=1.06), time=32.00.
Warning: Vehicle 'veh_000017' performs emergency braking on lane 'W_in_0' with decel=9.00, wished=4.50, severity=1.00, time=36.00.
Warning: Vehicle 'veh_000017' performs emergency stop at the end of lane 'W_in_0' because of a red traffic light (decel=-13.44, offset=1.95), time=36.00.
{"seed": 33, "steps": 60000, "updates": 13749, "elapsed": 341.4}
Warning: Vehicle 'veh_000194' performs emergency braking on lane 'W_in_0' with decel=9.00, wished=4.50, severity=1.00, time=188.00.
Warning: Vehicle 'veh_000194' performs emergency stop at the end of lane 'W_in_0' because of a red traffic light (decel=-13.15, offset=2.07), time=188.00.
Warning: Vehicle 'veh_000077' performs emergency braking on lane 'E_in_0' with decel=9.00, wished=4.50, severity=1.00, time=101.00.
Warning: Vehicle 'veh_000077' performs emergency stop at the end of lane 'E_in_0' because of a red traffic light (decel=-13.09, offset=2.04), time=101.00.
{"seed": 33, "steps": 70000, "updates": 16249, "elapsed": 412.8}
{"seed": 33, "steps": 80000, "updates": 18749, "elapsed": 478.5}
{"seed": 33, "steps": 90000, "updates": 21249, "elapsed": 548.7}
Warning: Vehicle 'veh_000059' performs emergency braking on lane 'E_in_0' with decel=9.00, wished=4.50, severity=1.00, time=70.00.
Warning: Vehicle 'veh_000059' performs emergency stop at the end of lane 'E_in_0' because of a red traffic light (decel=-13.01, offset=2.00), time=70.00.
Warning: Vehicle 'veh_000020' performs emergency braking on lane 'W_in_0' with decel=9.00, wished=4.50, severity=1.00, time=52.00.
Warning: Vehicle 'veh_000020' performs emergency stop at the end of lane 'W_in_0' because of a red traffic light (decel=-11.37, offset=1.19), time=52.00.
Warning: Vehicle 'veh_000122' performs emergency braking on lane 'E_in_0' with decel=9.00, wished=4.50, severity=1.00, time=214.00.
Warning: Vehicle 'veh_000122' performs emergency stop at the end of lane 'E_in_0' because of a red traffic light (decel=-13.10, offset=2.05), time=214.00.
{"seed": 33, "steps": 100000, "updates": 23749, "elapsed": 625.7}
{"seed": 33, "steps": 110000, "updates": 26249, "elapsed": 704.6}
Warning: Vehicle 'veh_000045' performs emergency braking on lane 'S_in_0' with decel=9.00, wished=4.50, severity=1.00, time=74.00.
Warning: Vehicle 'veh_000045' performs emergency stop at the end of lane 'S_in_0' because of a red traffic light (decel=-13.56, offset=2.04), time=74.00.
{"seed": 33, "steps": 120000, "updates": 28749, "elapsed": 782.0}
Warning: Vehicle 'veh_000074' performs emergency braking on lane 'N_in_0' with decel=9.00, wished=4.50, severity=1.00, time=159.00.
Warning: Vehicle 'veh_000074' performs emergency stop at the end of lane 'N_in_0' because of a red traffic light (decel=-13.01, offset=2.01), time=159.00.
{"seed": 33, "steps": 130000, "updates": 31249, "elapsed": 846.4}
Warning: Vehicle 'veh_000156' performs emergency braking on lane 'S_in_0' with decel=9.00, wished=4.50, severity=1.00, time=225.00.
Warning: Vehicle 'veh_000156' performs emergency stop at the end of lane 'S_in_0' because of a red traffic light (decel=-12.69, offset=1.85), time=225.00.
{"seed": 33, "steps": 140000, "updates": 33749, "elapsed": 932.6}
Warning: Vehicle 'veh_000007' performs emergency braking on lane 'E_in_0' with decel=9.00, wished=4.50, severity=1.00, time=27.00.
Warning: Vehicle 'veh_000007' performs emergency stop at the end of lane 'E_in_0' because of a red traffic light (decel=-13.33, offset=1.71), time=27.00.
{"seed": 33, "steps": 150000, "updates": 36249, "elapsed": 1041.6}
Warning: Vehicle 'veh_000002' performs emergency braking on lane 'W_in_0' with decel=9.00, wished=4.50, severity=1.00, time=26.00.
Warning: Vehicle 'veh_000002' performs emergency stop at the end of lane 'W_in_0' because of a red traffic light (decel=-13.05, offset=2.03), time=26.00.
{"seed": 33, "steps": 160000, "updates": 38749, "elapsed": 1124.9}
{"seed": 33, "steps": 170000, "updates": 41249, "elapsed": 1204.5}
Warning: Vehicle 'veh_000068' performs emergency braking on lane 'E_in_0' with decel=9.00, wished=4.50, severity=1.00, time=82.00.
Warning: Vehicle 'veh_000068' performs emergency stop at the end of lane 'E_in_0' because of a red traffic light (decel=-12.62, offset=1.81), time=82.00.
{"seed": 33, "steps": 180000, "updates": 43749, "elapsed": 1639.2}
{"seed": 33, "steps": 190000, "updates": 46249, "elapsed": 1711.6}
Warning: Vehicle 'veh_000138' performs emergency braking on lane 'N_in_0' with decel=9.00, wished=4.50, severity=1.00, time=157.00.
Warning: Vehicle 'veh_000138' performs emergency stop at the end of lane 'N_in_0' because of a red traffic light (decel=-13.15, offset=2.07), time=157.00.
{"seed": 33, "steps": 200000, "updates": 48749, "elapsed": 1780.7}
COMPLETE seed=33 steps=200000
