{"completed": "multiseed", "candidate": 11, "training_seed": 22, "folder": "C:\\Users\\\uad8c\ubbfc\uc6b0\\traffic-control\\model\\results\\reward_fine_search_2026-10-09\\runs\\multiseed\\seed_22\\candidate_11\\attempt_001\\experiment_11"}
{"completed": "multiseed", "candidate": 13, "training_seed": 22, "folder": "C:\\Users\\\uad8c\ubbfc\uc6b0\\traffic-control\\model\\results\\reward_fine_search_2026-10-09\\runs\\multiseed\\seed_22\\candidate_13\\attempt_001\\experiment_13"}
{"completed": "multiseed", "candidate": 14, "training_seed": 22, "folder": "C:\\Users\\\uad8c\ubbfc\uc6b0\\traffic-control\\model\\results\\reward_fine_search_2026-10-09\\runs\\multiseed\\seed_22\\candidate_14\\attempt_001\\experiment_14"}
{"completed": "multiseed", "candidate": 15, "training_seed": 22, "folder": "C:\\Users\\\uad8c\ubbfc\uc6b0\\traffic-control\\model\\results\\reward_fine_search_2026-10-09\\runs\\multiseed\\seed_22\\candidate_15\\attempt_001\\experiment_15"}
{"completed": "multiseed", "candidate": 11, "training_seed": 42, "folder": "C:\\Users\\\uad8c\ubbfc\uc6b0\\traffic-control\\model\\results\\reward_fine_search_2026-10-09\\runs\\multiseed\\seed_42\\candidate_11\\attempt_001\\experiment_11"}
Warning: Vehicle 'veh_000163' performs emergency braking on lane 'E_in_0' with decel=9.00, wished=4.50, severity=1.00, time=239.00.
Warning: Vehicle 'veh_000163' performs emergency stop at the end of lane 'E_in_0' because of a red traffic light (decel=-11.23, offset=1.11), time=239.00.
Warning: Vehicle 'veh_000008' performs emergency braking on lane 'N_in_0' with decel=9.00, wished=4.50, severity=1.00, time=43.00.
Warning: Vehicle 'veh_000008' performs emergency stop at the end of lane 'N_in_0' because of a red traffic light (decel=-12.43, offset=1.71), time=43.00.
Warning: Vehicle 'veh_000060' performs emergency braking on lane 'W_in_0' with decel=9.00, wished=4.50, severity=1.00, time=103.00.
Warning: Vehicle 'veh_000060' performs emergency stop at the end of lane 'W_in_0' because of a red traffic light (decel=-10.45, offset=0.72), time=103.00.
Warning: Vehicle 'veh_000015' performs emergency braking on lane 'W_in_0' with decel=9.00, wished=4.50, severity=1.00, time=38.00.
Warning: Vehicle 'veh_000015' performs emergency stop at the end of lane 'W_in_0' because of a red traffic light (decel=-12.50, offset=1.75), time=38.00.
Warning: Vehicle 'veh_000003' performs emergency braking on lane 'W_in_0' with decel=9.00, wished=4.50, severity=1.00, time=26.00.
Warning: Vehicle 'veh_000003' performs emergency stop at the end of lane 'W_in_0' because of a red traffic light (decel=-13.24, offset=2.12), time=26.00.
Warning: Vehicle 'veh_000004' performs emergency braking on lane 'N_in_0' with decel=9.00, wished=4.50, severity=1.00, time=26.00.
Warning: Vehicle 'veh_000004' performs emergency stop at the end of lane 'N_in_0' because of a red traffic light (decel=-12.25, offset=1.63), time=26.00.
Warning: Vehicle 'veh_000044' performs emergency braking on lane 'S_in_0' with decel=9.00, wished=4.50, severity=1.00, time=81.00.
Warning: Vehicle 'veh_000044' performs emergency stop at the end of lane 'S_in_0' because of a red traffic light (decel=-10.28, offset=0.64), time=81.00.
Warning: Vehicle 'veh_000036' performs emergency braking on lane 'N_in_0' with decel=9.00, wished=4.50, severity=1.00, time=66.00.
Warning: Vehicle 'veh_000036' performs emergency stop at the end of lane 'N_in_0' because of a red traffic light (decel=-12.30, offset=1.65), time=66.00.
Warning: Vehicle 'veh_000020' performs emergency braking on lane 'W_in_0' with decel=9.00, wished=4.50, severity=1.00, time=34.00.
Warning: Vehicle 'veh_000020' performs emergency stop at the end of lane 'W_in_0' because of a red traffic light (decel=-13.07, offset=2.04), time=34.00.
Warning: Vehicle 'veh_000057' performs emergency braking on lane 'E_in_0' with decel=9.00, wished=4.50, severity=1.00, time=84.00.
Warning: Vehicle 'veh_000057' performs emergency stop at the end of lane 'E_in_0' because of a red traffic light (decel=-12.91, offset=1.96), time=84.00.
Warning: Vehicle 'veh_000040' performs emergency braking on lane 'W_in_0' with decel=9.00, wished=4.50, severity=1.00, time=75.00.
Warning: Vehicle 'veh_000040' performs emergency stop at the end of lane 'W_in_0' because of a red traffic light (decel=-13.61, offset=1.64), time=75.00.
Warning: Vehicle 'veh_000059' performs emergency braking on lane 'E_in_0' with decel=9.00, wished=4.50, severity=1.00, time=122.00.
Warning: Vehicle 'veh_000059' performs emergency stop at the end of lane 'E_in_0' because of a red traffic light (decel=-13.37, offset=2.18), time=122.00.
Warning: Vehicle 'veh_000015' performs emergency braking on lane 'W_in_0' with decel=9.00, wished=4.50, severity=1.00, time=38.00.
Warning: Vehicle 'veh_000015' performs emergency stop at the end of lane 'W_in_0' because of a red traffic light (decel=-12.50, offset=1.75), time=38.00.
Warning: Vehicle 'veh_000034' performs emergency braking on lane 'W_in_0' with decel=9.00, wished=4.50, severity=1.00, time=62.00.
Warning: Vehicle 'veh_000034' performs emergency stop at the end of lane 'W_in_0' because of a red traffic light (decel=-12.37, offset=1.68), time=62.00.
Warning: Vehicle 'veh_000015' performs emergency braking on lane 'W_in_0' with decel=9.00, wished=4.50, severity=1.00, time=55.00.
Warning: Vehicle 'veh_000015' performs emergency stop at the end of lane 'W_in_0' because of a red traffic light (decel=-11.99, offset=1.49), time=55.00.
Warning: Vehicle 'veh_000019' performs emergency braking on lane 'N_in_0' with decel=9.00, wished=4.50, severity=1.00, time=39.00.
Warning: Vehicle 'veh_000019' performs emergency stop at the end of lane 'N_in_0' because of a red traffic light (decel=-12.78, offset=1.89), time=39.00.
Warning: Vehicle 'veh_000197' performs emergency braking on lane 'S_in_0' with decel=9.00, wished=4.50, severity=1.00, time=178.00.
Warning: Vehicle 'veh_000197' performs emergency stop at the end of lane 'S_in_0' because of a red traffic light (decel=-13.69, offset=1.77), time=178.00.
Warning: Vehicle 'veh_000063' performs emergency braking on lane 'N_in_0' with decel=9.00, wished=4.50, severity=1.00, time=85.00.
Warning: Vehicle 'veh_000063' performs emergency stop at the end of lane 'N_in_0' because of a red traffic light (decel=-11.47, offset=1.24), time=85.00.
{"completed": "multiseed", "candidate": 13, "training_seed": 42, "folder": "C:\\Users\\\uad8c\ubbfc\uc6b0\\traffic-control\\model\\results\\reward_fine_search_2026-10-09\\runs\\multiseed\\seed_42\\candidate_13\\attempt_002\\experiment_13"}
{"completed": "multiseed", "candidate": 14, "training_seed": 42, "folder": "C:\\Users\\\uad8c\ubbfc\uc6b0\\traffic-control\\model\\results\\reward_fine_search_2026-10-09\\runs\\multiseed\\seed_42\\candidate_14\\attempt_001\\experiment_14"}
{"completed": "multiseed", "candidate": 15, "training_seed": 42, "folder": "C:\\Users\\\uad8c\ubbfc\uc6b0\\traffic-control\\model\\results\\reward_fine_search_2026-10-09\\runs\\multiseed\\seed_42\\candidate_15\\attempt_001\\experiment_15"}
{"completed": "multiseed", "candidate": 11, "training_seed": 62, "folder": "C:\\Users\\\uad8c\ubbfc\uc6b0\\traffic-control\\model\\results\\reward_fine_search_2026-10-09\\runs\\multiseed\\seed_62\\candidate_11\\attempt_001\\experiment_11"}
{"completed": "multiseed", "candidate": 13, "training_seed": 62, "folder": "C:\\Users\\\uad8c\ubbfc\uc6b0\\traffic-control\\model\\results\\reward_fine_search_2026-10-09\\runs\\multiseed\\seed_62\\candidate_13\\attempt_001\\experiment_13"}
{"completed": "multiseed", "candidate": 14, "training_seed": 62, "folder": "C:\\Users\\\uad8c\ubbfc\uc6b0\\traffic-control\\model\\results\\reward_fine_search_2026-10-09\\runs\\multiseed\\seed_62\\candidate_14\\attempt_001\\experiment_14"}
{"completed": "multiseed", "candidate": 15, "training_seed": 62, "folder": "C:\\Users\\\uad8c\ubbfc\uc6b0\\traffic-control\\model\\results\\reward_fine_search_2026-10-09\\runs\\multiseed\\seed_62\\candidate_15\\attempt_001\\experiment_15"}
