Warning: Vehicle 'veh_000096' performs emergency braking on lane 'N_in_0' with decel=9.00, wished=4.50, severity=1.00, time=160.00.
Warning: Vehicle 'veh_000096' performs emergency stop at the end of lane 'N_in_0' because of a red traffic light (decel=-14.21, offset=2.40), time=160.00.
Warning: Vehicle 'veh_000096' performs emergency braking on lane 'N_in_0' with decel=9.00, wished=4.50, severity=1.00, time=160.00.
Warning: Vehicle 'veh_000096' performs emergency stop at the end of lane 'N_in_0' because of a red traffic light (decel=-14.21, offset=2.40), time=160.00.
Warning: Vehicle 'veh_000096' performs emergency braking on lane 'N_in_0' with decel=9.00, wished=4.50, severity=1.00, time=160.00.
Warning: Vehicle 'veh_000096' performs emergency stop at the end of lane 'N_in_0' because of a red traffic light (decel=-14.21, offset=2.40), time=160.00.
Warning: Vehicle 'veh_000096' performs emergency braking on lane 'N_in_0' with decel=9.00, wished=4.50, severity=1.00, time=160.00.
Warning: Vehicle 'veh_000096' performs emergency stop at the end of lane 'N_in_0' because of a red traffic light (decel=-14.21, offset=2.40), time=160.00.
Warning: Vehicle 'veh_000210' performs emergency braking on lane 'W_in_0' with decel=9.00, wished=4.50, severity=1.00, time=209.00.
Warning: Vehicle 'veh_000210' performs emergency stop at the end of lane 'W_in_0' because of a red traffic light (decel=-12.61, offset=1.80), time=209.00.
Warning: Vehicle 'veh_000210' performs emergency braking on lane 'W_in_0' with decel=9.00, wished=4.50, severity=1.00, time=209.00.
Warning: Vehicle 'veh_000210' performs emergency stop at the end of lane 'W_in_0' because of a red traffic light (decel=-12.61, offset=1.80), time=209.00.
Warning: Vehicle 'veh_000210' performs emergency braking on lane 'W_in_0' with decel=9.00, wished=4.50, severity=1.00, time=209.00.
Warning: Vehicle 'veh_000210' performs emergency stop at the end of lane 'W_in_0' because of a red traffic light (decel=-12.61, offset=1.80), time=209.00.
Warning: Vehicle 'veh_000210' performs emergency braking on lane 'W_in_0' with decel=9.00, wished=4.50, severity=1.00, time=209.00.
Warning: Vehicle 'veh_000210' performs emergency stop at the end of lane 'W_in_0' because of a red traffic light (decel=-12.61, offset=1.80), time=209.00.
Warning: Vehicle 'veh_000085' performs emergency braking on lane 'S_in_0' with decel=9.00, wished=4.50, severity=1.00, time=150.00.
Warning: Vehicle 'veh_000085' performs emergency stop at the end of lane 'S_in_0' because of a red traffic light (decel=-13.20, offset=2.10), time=150.00.
Warning: Vehicle 'veh_000085' performs emergency braking on lane 'S_in_0' with decel=9.00, wished=4.50, severity=1.00, time=150.00.
Warning: Vehicle 'veh_000085' performs emergency stop at the end of lane 'S_in_0' because of a red traffic light (decel=-13.20, offset=2.10), time=150.00.
Warning: Vehicle 'veh_000085' performs emergency braking on lane 'S_in_0' with decel=9.00, wished=4.50, severity=1.00, time=150.00.
Warning: Vehicle 'veh_000085' performs emergency stop at the end of lane 'S_in_0' because of a red traffic light (decel=-13.20, offset=2.10), time=150.00.
Warning: Vehicle 'veh_000085' performs emergency braking on lane 'S_in_0' with decel=9.00, wished=4.50, severity=1.00, time=150.00.
Warning: Vehicle 'veh_000085' performs emergency stop at the end of lane 'S_in_0' because of a red traffic light (decel=-13.20, offset=2.10), time=150.00.
Warning: Vehicle 'veh_000022' performs emergency braking on lane 'W_in_0' with decel=9.00, wished=4.50, severity=1.00, time=42.00.
Warning: Vehicle 'veh_000022' performs emergency stop at the end of lane 'W_in_0' because of a red traffic light (decel=-12.87, offset=1.93), time=42.00.
Warning: Vehicle 'veh_000092' performs emergency braking on lane 'S_in_0' with decel=9.00, wished=4.50, severity=1.00, time=120.00.
Warning: Vehicle 'veh_000092' performs emergency stop at the end of lane 'S_in_0' because of a red traffic light (decel=-13.42, offset=1.79), time=120.00.
Warning: Vehicle 'veh_000013' performs emergency braking on lane 'S_in_0' with decel=9.00, wished=4.50, severity=1.00, time=41.00.
Warning: Vehicle 'veh_000013' performs emergency stop at the end of lane 'S_in_0' because of a red traffic light (decel=-12.55, offset=1.78), time=41.00.
Warning: Vehicle 'veh_000013' performs emergency braking on lane 'S_in_0' with decel=9.00, wished=4.50, severity=1.00, time=41.00.
Warning: Vehicle 'veh_000013' performs emergency stop at the end of lane 'S_in_0' because of a red traffic light (decel=-12.55, offset=1.78), time=41.00.
Warning: Vehicle 'veh_000013' performs emergency braking on lane 'S_in_0' with decel=9.00, wished=4.50, severity=1.00, time=41.00.
Warning: Vehicle 'veh_000013' performs emergency stop at the end of lane 'S_in_0' because of a red traffic light (decel=-12.55, offset=1.78), time=41.00.
Warning: Vehicle 'veh_000024' performs emergency braking on lane 'N_in_0' with decel=9.00, wished=4.50, severity=1.00, time=48.00.
Warning: Vehicle 'veh_000024' performs emergency stop at the end of lane 'N_in_0' because of a red traffic light (decel=-11.39, offset=1.19), time=48.00.
Warning: Vehicle 'veh_000024' performs emergency braking on lane 'N_in_0' with decel=9.00, wished=4.50, severity=1.00, time=48.00.
Warning: Vehicle 'veh_000024' performs emergency stop at the end of lane 'N_in_0' because of a red traffic light (decel=-11.39, offset=1.19), time=48.00.
Warning: Vehicle 'veh_000194' performs emergency braking on lane 'N_in_0' with decel=9.00, wished=4.50, severity=1.00, time=206.00.
Warning: Vehicle 'veh_000194' performs emergency stop at the end of lane 'N_in_0' because of a red traffic light (decel=-13.17, offset=2.09), time=206.00.
Warning: Vehicle 'veh_000144' performs emergency braking on lane 'S_in_0' with decel=9.00, wished=4.50, severity=1.00, time=228.00.
Warning: Vehicle 'veh_000144' performs emergency stop at the end of lane 'S_in_0' because of a red traffic light (decel=-14.03, offset=2.52), time=228.00.
Warning: Vehicle 'veh_000018' performs emergency braking on lane 'E_in_0' with decel=9.00, wished=4.50, severity=1.00, time=43.00.
Warning: Vehicle 'veh_000018' performs emergency stop at the end of lane 'E_in_0' because of a red traffic light (decel=-11.62, offset=1.31), time=43.00.
Warning: Vehicle 'veh_000119' performs emergency braking on lane 'S_in_0' with decel=9.00, wished=4.50, severity=1.00, time=203.00.
Warning: Vehicle 'veh_000119' performs emergency stop at the end of lane 'S_in_0' because of a red traffic light (decel=-13.80, offset=2.15), time=203.00.
Warning: Vehicle 'veh_000085' performs emergency braking on lane 'W_in_0' with decel=9.00, wished=4.50, severity=1.00, time=105.00.
Warning: Vehicle 'veh_000085' performs emergency stop at the end of lane 'W_in_0' because of a red traffic light (decel=-10.35, offset=0.67), time=105.00.
Warning: Vehicle 'veh_000036' performs emergency braking on lane 'N_in_0' with decel=9.00, wished=4.50, severity=1.00, time=66.00.
Warning: Vehicle 'veh_000036' performs emergency stop at the end of lane 'N_in_0' because of a red traffic light (decel=-12.30, offset=1.65), time=66.00.
Warning: Vehicle 'veh_000163' performs emergency braking on lane 'E_in_0' with decel=9.00, wished=4.50, severity=1.00, time=239.00.
Warning: Vehicle 'veh_000163' performs emergency stop at the end of lane 'E_in_0' because of a red traffic light (decel=-11.23, offset=1.11), time=239.00.
Warning: Vehicle 'veh_000008' performs emergency braking on lane 'N_in_0' with decel=9.00, wished=4.50, severity=1.00, time=43.00.
Warning: Vehicle 'veh_000008' performs emergency stop at the end of lane 'N_in_0' because of a red traffic light (decel=-12.43, offset=1.71), time=43.00.
Warning: Vehicle 'veh_000076' performs emergency braking on lane 'N_in_0' with decel=9.00, wished=4.50, severity=1.00, time=174.00.
Warning: Vehicle 'veh_000076' performs emergency stop at the end of lane 'N_in_0' because of a red traffic light (decel=-13.43, offset=2.10), time=174.00.
Warning: Vehicle 'veh_000016' performs emergency braking on lane 'N_in_0' with decel=9.00, wished=4.50, severity=1.00, time=54.00.
Warning: Vehicle 'veh_000016' performs emergency stop at the end of lane 'N_in_0' because of a red traffic light (decel=-10.88, offset=0.94), time=54.00.
Warning: Vehicle 'veh_000016' performs emergency braking on lane 'N_in_0' with decel=9.00, wished=4.50, severity=1.00, time=54.00.
Warning: Vehicle 'veh_000016' performs emergency stop at the end of lane 'N_in_0' because of a red traffic light (decel=-10.97, offset=0.99), time=54.00.
Warning: Vehicle 'veh_000016' performs emergency braking on lane 'N_in_0' with decel=9.00, wished=4.50, severity=1.00, time=54.00.
Warning: Vehicle 'veh_000016' performs emergency stop at the end of lane 'N_in_0' because of a red traffic light (decel=-10.88, offset=0.94), time=54.00.
Warning: Vehicle 'veh_000016' performs emergency braking on lane 'N_in_0' with decel=9.00, wished=4.50, severity=1.00, time=54.00.
Warning: Vehicle 'veh_000016' performs emergency stop at the end of lane 'N_in_0' because of a red traffic light (decel=-10.88, offset=0.94), time=54.00.
Warning: Vehicle 'veh_000177' performs emergency braking on lane 'S_in_0' with decel=9.00, wished=4.50, severity=1.00, time=222.00.
Warning: Vehicle 'veh_000177' performs emergency stop at the end of lane 'S_in_0' because of a red traffic light (decel=-12.32, offset=1.66), time=222.00.
Warning: Vehicle 'veh_000060' performs emergency braking on lane 'W_in_0' with decel=9.00, wished=4.50, severity=1.00, time=103.00.
Warning: Vehicle 'veh_000060' performs emergency stop at the end of lane 'W_in_0' because of a red traffic light (decel=-10.45, offset=0.72), time=103.00.
Warning: Vehicle 'veh_000006' performs emergency braking on lane 'N_in_0' with decel=9.00, wished=4.50, severity=1.00, time=32.00.
Warning: Vehicle 'veh_000006' performs emergency stop at the end of lane 'N_in_0' because of a red traffic light (decel=-12.70, offset=1.85), time=32.00.
Warning: Vehicle 'veh_000026' performs emergency braking on lane 'S_in_0' with decel=9.00, wished=4.50, severity=1.00, time=56.00.
Warning: Vehicle 'veh_000026' performs emergency stop at the end of lane 'S_in_0' because of a red traffic light (decel=-13.45, offset=2.16), time=56.00.
Warning: Vehicle 'veh_000050' performs emergency braking on lane 'E_in_0' with decel=9.00, wished=4.50, severity=1.00, time=50.00.
Warning: Vehicle 'veh_000050' performs emergency stop at the end of lane 'E_in_0' because of a red traffic light (decel=-12.32, offset=1.66), time=50.00.
Warning: Vehicle 'veh_000014' performs emergency braking on lane 'W_in_0' with decel=9.00, wished=4.50, severity=1.00, time=38.00.
Warning: Vehicle 'veh_000014' performs emergency stop at the end of lane 'W_in_0' because of a red traffic light (decel=-10.97, offset=0.99), time=38.00.
Warning: Vehicle 'veh_000153' performs emergency braking on lane 'W_in_0' with decel=9.00, wished=4.50, severity=1.00, time=180.00.
Warning: Vehicle 'veh_000153' performs emergency stop at the end of lane 'W_in_0' because of a red traffic light (decel=-13.39, offset=1.85), time=180.00.
Warning: Vehicle 'veh_000140' performs emergency braking on lane 'S_in_0' with decel=9.00, wished=4.50, severity=1.00, time=198.00.
Warning: Vehicle 'veh_000140' performs emergency stop at the end of lane 'S_in_0' because of a red traffic light (decel=-11.60, offset=1.30), time=198.00.
Warning: Vehicle 'veh_000093' performs emergency braking on lane 'E_in_0' with decel=9.00, wished=4.50, severity=1.00, time=132.00.
Warning: Vehicle 'veh_000093' performs emergency stop at the end of lane 'E_in_0' because of a red traffic light (decel=-13.11, offset=1.85), time=132.00.
Warning: Vehicle 'veh_000054' performs emergency braking on lane 'E_in_0' with decel=9.00, wished=4.50, severity=1.00, time=128.00.
Warning: Vehicle 'veh_000054' performs emergency stop at the end of lane 'E_in_0' because of a red traffic light (decel=-12.90, offset=1.95), time=128.00.
Warning: Vehicle 'veh_000049' performs emergency braking on lane 'S_in_0' with decel=9.00, wished=4.50, severity=1.00, time=58.00.
Warning: Vehicle 'veh_000049' performs emergency stop at the end of lane 'S_in_0' because of a red traffic light (decel=-11.93, offset=1.46), time=58.00.
Warning: Vehicle 'veh_000049' performs emergency braking on lane 'S_in_0' with decel=9.00, wished=4.50, severity=1.00, time=58.00.
Warning: Vehicle 'veh_000049' performs emergency stop at the end of lane 'S_in_0' because of a red traffic light (decel=-12.39, offset=1.70), time=58.00.
Warning: Vehicle 'veh_000014' performs emergency braking on lane 'W_in_0' with decel=9.00, wished=4.50, severity=1.00, time=38.00.
Warning: Vehicle 'veh_000014' performs emergency stop at the end of lane 'W_in_0' because of a red traffic light (decel=-10.97, offset=0.99), time=38.00.
Warning: Vehicle 'veh_000014' performs emergency braking on lane 'W_in_0' with decel=9.00, wished=4.50, severity=1.00, time=38.00.
Warning: Vehicle 'veh_000014' performs emergency stop at the end of lane 'W_in_0' because of a red traffic light (decel=-10.97, offset=0.99), time=38.00.
Warning: Vehicle 'veh_000014' performs emergency braking on lane 'W_in_0' with decel=9.00, wished=4.50, severity=1.00, time=38.00.
Warning: Vehicle 'veh_000014' performs emergency stop at the end of lane 'W_in_0' because of a red traffic light (decel=-10.97, offset=0.99), time=38.00.
Warning: Vehicle 'veh_000014' performs emergency braking on lane 'W_in_0' with decel=9.00, wished=4.50, severity=1.00, time=38.00.
Warning: Vehicle 'veh_000014' performs emergency stop at the end of lane 'W_in_0' because of a red traffic light (decel=-10.97, offset=0.99), time=38.00.
Warning: Vehicle 'veh_000204' performs emergency braking on lane 'N_in_0' with decel=9.00, wished=4.50, severity=1.00, time=213.00.
Warning: Vehicle 'veh_000204' performs emergency stop at the end of lane 'N_in_0' because of a red traffic light (decel=-11.15, offset=1.07), time=213.00.
Warning: Vehicle 'veh_000040' performs emergency braking on lane 'W_in_0' with decel=9.00, wished=4.50, severity=1.00, time=81.00.
Warning: Vehicle 'veh_000040' performs emergency stop at the end of lane 'W_in_0' because of a red traffic light (decel=-10.88, offset=0.94), time=81.00.
Warning: Vehicle 'veh_000040' performs emergency braking on lane 'W_in_0' with decel=9.00, wished=4.50, severity=1.00, time=81.00.
Warning: Vehicle 'veh_000040' performs emergency stop at the end of lane 'W_in_0' because of a red traffic light (decel=-10.83, offset=0.91), time=81.00.
Warning: Vehicle 'veh_000040' performs emergency braking on lane 'W_in_0' with decel=9.00, wished=4.50, severity=1.00, time=81.00.
Warning: Vehicle 'veh_000040' performs emergency stop at the end of lane 'W_in_0' because of a red traffic light (decel=-10.83, offset=0.91), time=81.00.
Warning: Vehicle 'veh_000015' performs emergency braking on lane 'W_in_0' with decel=9.00, wished=4.50, severity=1.00, time=38.00.
Warning: Vehicle 'veh_000015' performs emergency stop at the end of lane 'W_in_0' because of a red traffic light (decel=-12.50, offset=1.75), time=38.00.
Warning: Vehicle 'veh_000026' performs emergency braking on lane 'E_in_0' with decel=9.00, wished=4.50, severity=1.00, time=39.00.
Warning: Vehicle 'veh_000026' performs emergency stop at the end of lane 'E_in_0' because of a red traffic light (decel=-10.83, offset=0.91), time=39.00.
Warning: Vehicle 'veh_000026' performs emergency braking on lane 'E_in_0' with decel=9.00, wished=4.50, severity=1.00, time=39.00.
Warning: Vehicle 'veh_000026' performs emergency stop at the end of lane 'E_in_0' because of a red traffic light (decel=-10.83, offset=0.91), time=39.00.
Warning: Vehicle 'veh_000039' performs emergency braking on lane 'E_in_0' with decel=9.00, wished=4.50, severity=1.00, time=62.00.
Warning: Vehicle 'veh_000039' performs emergency stop at the end of lane 'E_in_0' because of a red traffic light (decel=-10.92, offset=0.96), time=62.00.
Warning: Vehicle 'veh_000003' performs emergency braking on lane 'W_in_0' with decel=9.00, wished=4.50, severity=1.00, time=26.00.
Warning: Vehicle 'veh_000003' performs emergency stop at the end of lane 'W_in_0' because of a red traffic light (decel=-13.24, offset=2.12), time=26.00.
Warning: Vehicle 'veh_000011' performs emergency braking on lane 'E_in_0' with decel=9.00, wished=4.50, severity=1.00, time=36.00.
Warning: Vehicle 'veh_000011' performs emergency stop at the end of lane 'E_in_0' because of a red traffic light (decel=-12.59, offset=1.79), time=36.00.
Warning: Vehicle 'veh_000039' performs emergency braking on lane 'E_in_0' with decel=9.00, wished=4.50, severity=1.00, time=59.00.
Warning: Vehicle 'veh_000039' performs emergency stop at the end of lane 'E_in_0' because of a red traffic light (decel=-13.04, offset=2.02), time=59.00.
Warning: Vehicle 'veh_000111' performs emergency braking on lane 'W_in_0' with decel=9.00, wished=4.50, severity=1.00, time=157.00.
Warning: Vehicle 'veh_000111' performs emergency stop at the end of lane 'W_in_0' because of a red traffic light (decel=-13.56, offset=2.25), time=157.00.
Warning: Vehicle 'veh_000103' performs emergency braking on lane 'N_in_0' with decel=9.00, wished=4.50, severity=1.00, time=107.00.
Warning: Vehicle 'veh_000103' performs emergency stop at the end of lane 'N_in_0' because of a red traffic light (decel=-13.63, offset=2.31), time=107.00.
Warning: Vehicle 'veh_000004' performs emergency braking on lane 'N_in_0' with decel=9.00, wished=4.50, severity=1.00, time=26.00.
Warning: Vehicle 'veh_000004' performs emergency stop at the end of lane 'N_in_0' because of a red traffic light (decel=-12.25, offset=1.63), time=26.00.
Warning: Vehicle 'veh_000077' performs emergency braking on lane 'N_in_0' with decel=9.00, wished=4.50, severity=1.00, time=102.00.
Warning: Vehicle 'veh_000077' performs emergency stop at the end of lane 'N_in_0' because of a red traffic light (decel=-11.30, offset=1.15), time=102.00.
Warning: Vehicle 'veh_000010' performs emergency braking on lane 'W_in_0' with decel=9.00, wished=4.50, severity=1.00, time=38.00.
Warning: Vehicle 'veh_000010' performs emergency stop at the end of lane 'W_in_0' because of a red traffic light (decel=-11.40, offset=1.20), time=38.00.
Warning: Vehicle 'veh_000074' performs emergency braking on lane 'W_in_0' with decel=9.00, wished=4.50, severity=1.00, time=118.00.
Warning: Vehicle 'veh_000074' performs emergency stop at the end of lane 'W_in_0' because of a red traffic light (decel=-11.55, offset=1.28), time=118.00.
Warning: Vehicle 'veh_000074' performs emergency braking on lane 'W_in_0' with decel=9.00, wished=4.50, severity=1.00, time=118.00.
Warning: Vehicle 'veh_000074' performs emergency stop at the end of lane 'W_in_0' because of a red traffic light (decel=-11.61, offset=1.30), time=118.00.
Warning: Vehicle 'veh_000074' performs emergency braking on lane 'W_in_0' with decel=9.00, wished=4.50, severity=1.00, time=118.00.
Warning: Vehicle 'veh_000074' performs emergency stop at the end of lane 'W_in_0' because of a red traffic light (decel=-11.61, offset=1.31), time=118.00.
Warning: Vehicle 'veh_000074' performs emergency braking on lane 'W_in_0' with decel=9.00, wished=4.50, severity=1.00, time=118.00.
Warning: Vehicle 'veh_000074' performs emergency stop at the end of lane 'W_in_0' because of a red traffic light (decel=-11.24, offset=1.12), time=118.00.
Warning: Vehicle 'veh_000008' performs emergency braking on lane 'S_in_0' with decel=9.00, wished=4.50, severity=1.00, time=32.00.
Warning: Vehicle 'veh_000008' performs emergency stop at the end of lane 'S_in_0' because of a red traffic light (decel=-11.60, offset=1.30), time=32.00.
Warning: Vehicle 'veh_000044' performs emergency braking on lane 'S_in_0' with decel=9.00, wished=4.50, severity=1.00, time=81.00.
Warning: Vehicle 'veh_000044' performs emergency stop at the end of lane 'S_in_0' because of a red traffic light (decel=-10.28, offset=0.64), time=81.00.
Warning: Vehicle 'veh_000024' performs emergency braking on lane 'E_in_0' with decel=9.00, wished=4.50, severity=1.00, time=54.00.
Warning: Vehicle 'veh_000024' performs emergency stop at the end of lane 'E_in_0' because of a red traffic light (decel=-12.90, offset=1.95), time=54.00.
Warning: Vehicle 'veh_000081' performs emergency braking on lane 'S_in_0' with decel=9.00, wished=4.50, severity=1.00, time=110.00.
Warning: Vehicle 'veh_000081' performs emergency stop at the end of lane 'S_in_0' because of a red traffic light (decel=-13.45, offset=2.23), time=110.00.
Warning: Vehicle 'veh_000036' performs emergency braking on lane 'N_in_0' with decel=9.00, wished=4.50, severity=1.00, time=66.00.
Warning: Vehicle 'veh_000036' performs emergency stop at the end of lane 'N_in_0' because of a red traffic light (decel=-12.30, offset=1.65), time=66.00.
Warning: Vehicle 'veh_000036' performs emergency braking on lane 'N_in_0' with decel=9.00, wished=4.50, severity=1.00, time=66.00.
Warning: Vehicle 'veh_000036' performs emergency stop at the end of lane 'N_in_0' because of a red traffic light (decel=-12.30, offset=1.65), time=66.00.
Warning: Vehicle 'veh_000004' performs emergency braking on lane 'W_in_0' with decel=9.00, wished=4.50, severity=1.00, time=31.00.
Warning: Vehicle 'veh_000004' performs emergency stop at the end of lane 'W_in_0' because of a red traffic light (decel=-12.70, offset=1.85), time=31.00.
Warning: Vehicle 'veh_000070' performs emergency braking on lane 'N_in_0' with decel=9.00, wished=4.50, severity=1.00, time=91.00.
Warning: Vehicle 'veh_000070' performs emergency stop at the end of lane 'N_in_0' because of a red traffic light (decel=-12.50, offset=1.75), time=91.00.
Warning: Vehicle 'veh_000070' performs emergency braking on lane 'N_in_0' with decel=9.00, wished=4.50, severity=1.00, time=112.00.
Warning: Vehicle 'veh_000070' performs emergency stop at the end of lane 'N_in_0' because of a red traffic light (decel=-10.89, offset=0.94), time=112.00.
Warning: Vehicle 'veh_000255' performs emergency braking on lane 'E_in_0' with decel=9.00, wished=4.50, severity=1.00, time=278.00.
Warning: Vehicle 'veh_000255' performs emergency stop at the end of lane 'E_in_0' because of a red traffic light (decel=-11.99, offset=1.50), time=278.00.
Warning: Vehicle 'veh_000013' performs emergency braking on lane 'S_in_0' with decel=9.00, wished=4.50, severity=1.00, time=40.00.
Warning: Vehicle 'veh_000013' performs emergency stop at the end of lane 'S_in_0' because of a red traffic light (decel=-13.86, offset=2.43), time=40.00.
Warning: Vehicle 'veh_000110' performs emergency braking on lane 'N_in_0' with decel=9.00, wished=4.50, severity=1.00, time=175.00.
Warning: Vehicle 'veh_000110' performs emergency stop at the end of lane 'N_in_0' because of a red traffic light (decel=-12.53, offset=1.76), time=175.00.
Warning: Vehicle 'veh_000127' performs emergency braking on lane 'W_in_0' with decel=9.00, wished=4.50, severity=1.00, time=189.00.
Warning: Vehicle 'veh_000127' performs emergency stop at the end of lane 'W_in_0' because of a red traffic light (decel=-12.92, offset=1.96), time=189.00.
Warning: Vehicle 'veh_000020' performs emergency braking on lane 'W_in_0' with decel=9.00, wished=4.50, severity=1.00, time=34.00.
Warning: Vehicle 'veh_000020' performs emergency stop at the end of lane 'W_in_0' because of a red traffic light (decel=-13.07, offset=2.04), time=34.00.
Warning: Vehicle 'veh_000020' performs emergency braking on lane 'W_in_0' with decel=9.00, wished=4.50, severity=1.00, time=34.00.
Warning: Vehicle 'veh_000020' performs emergency stop at the end of lane 'W_in_0' because of a red traffic light (decel=-13.07, offset=2.04), time=34.00.
Warning: Vehicle 'veh_000041' performs emergency braking on lane 'E_in_0' with decel=9.00, wished=4.50, severity=1.00, time=54.00.
Warning: Vehicle 'veh_000041' performs emergency stop at the end of lane 'E_in_0' because of a red traffic light (decel=-13.22, offset=2.11), time=54.00.
Warning: Vehicle 'veh_000138' performs emergency braking on lane 'E_in_0' with decel=9.00, wished=4.50, severity=1.00, time=199.00.
Warning: Vehicle 'veh_000138' performs emergency stop at the end of lane 'E_in_0' because of a red traffic light (decel=-12.58, offset=1.79), time=199.00.
Warning: Vehicle 'veh_000057' performs emergency braking on lane 'E_in_0' with decel=9.00, wished=4.50, severity=1.00, time=84.00.
Warning: Vehicle 'veh_000057' performs emergency stop at the end of lane 'E_in_0' because of a red traffic light (decel=-12.91, offset=1.96), time=84.00.
Warning: Vehicle 'veh_000111' performs emergency braking on lane 'W_in_0' with decel=9.00, wished=4.50, severity=1.00, time=152.00.
Warning: Vehicle 'veh_000111' performs emergency stop at the end of lane 'W_in_0' because of a red traffic light (decel=-13.13, offset=2.07), time=152.00.
Warning: Vehicle 'veh_000119' performs emergency braking on lane 'N_in_0' with decel=9.00, wished=4.50, severity=1.00, time=262.00.
Warning: Vehicle 'veh_000119' performs emergency stop at the end of lane 'N_in_0' because of a red traffic light (decel=-12.94, offset=1.97), time=262.00.
Warning: Vehicle 'veh_000170' performs emergency braking on lane 'E_in_0' with decel=9.00, wished=4.50, severity=1.00, time=225.00.
Warning: Vehicle 'veh_000170' performs emergency stop at the end of lane 'E_in_0' because of a red traffic light (decel=-10.70, offset=0.85), time=225.00.
Warning: Vehicle 'veh_000118' performs emergency braking on lane 'N_in_0' with decel=9.00, wished=4.50, severity=1.00, time=196.00.
Warning: Vehicle 'veh_000118' performs emergency stop at the end of lane 'N_in_0' because of a red traffic light (decel=-13.27, offset=2.13), time=196.00.
Warning: Vehicle 'veh_000008' performs emergency braking on lane 'S_in_0' with decel=9.00, wished=4.50, severity=1.00, time=38.00.
Warning: Vehicle 'veh_000008' performs emergency stop at the end of lane 'S_in_0' because of a red traffic light (decel=-11.02, offset=1.01), time=38.00.
Warning: Vehicle 'veh_000040' performs emergency braking on lane 'W_in_0' with decel=9.00, wished=4.50, severity=1.00, time=75.00.
Warning: Vehicle 'veh_000040' performs emergency stop at the end of lane 'W_in_0' because of a red traffic light (decel=-13.61, offset=1.64), time=75.00.
Traceback (most recent call last):
  File "C:\Users\권민우\traffic-control\model\env\intersection_env.py", line 114, in _start_sumo
    traci.start(command, label=label)
    ~~~~~~~~~~~^^^^^^^^^^^^^^^^^^^^^^
  File "C:\Users\권민우\traffic-control\.venv\Lib\site-packages\traci\main.py", line 147, in start
    result = init(sumoPort, numRetries, "localhost", label, sumoProcess, doSwitch, traceFile, traceGetters)
  File "C:\Users\권민우\traffic-control\.venv\Lib\site-packages\traci\main.py", line 119, in init
    return con.getVersion()
           ~~~~~~~~~~~~~~^^
  File "C:\Users\권민우\traffic-control\.venv\Lib\site-packages\traci\connection.py", line 383, in getVersion
    result = self._sendCmd(command, None, None)
  File "C:\Users\권민우\traffic-control\.venv\Lib\site-packages\traci\connection.py", line 232, in _sendCmd
    return self._sendExact()
           ~~~~~~~~~~~~~~~^^
  File "C:\Users\권민우\traffic-control\.venv\Lib\site-packages\traci\connection.py", line 139, in _sendExact
    prefix = result.read("!BBB")
  File "C:\Users\권민우\traffic-control\.venv\Lib\site-packages\traci\storage.py", line 38, in read
    return struct.unpack(format, self._content[oldPos:self._pos])
           ~~~~~~~~~~~~~^^^^^^^^^^^^^^^^^^^^^^^^^^^^^^^^^^^^^^^^^
struct.error: unpack requires a buffer of 3 bytes

The above exception was the direct cause of the following exception:

Traceback (most recent call last):
  File "C:\Users\권민우\traffic-control\model\experiments\reward_sensitivity.py", line 210, in worker
    model.learn(total_timesteps=settings.get('schedule_timesteps') or settings['timesteps'],
    ~~~~~~~~~~~^^^^^^^^^^^^^^^^^^^^^^^^^^^^^^^^^^^^^^^^^^^^^^^^^^^^^^^^^^^^^^^^^^^^^^^^^^^^^
                callback=Progress(folder, settings['timesteps'], settings.get('verify_prefix')),
                ^^^^^^^^^^^^^^^^^^^^^^^^^^^^^^^^^^^^^^^^^^^^^^^^^^^^^^^^^^^^^^^^^^^^^^^^^^^^^^^^
                progress_bar=False)
                ^^^^^^^^^^^^^^^^^^^
  File "C:\Users\권민우\traffic-control\.venv\Lib\site-packages\stable_baselines3\dqn\dqn.py", line 272, in learn
    return super().learn(
           ~~~~~~~~~~~~~^
        total_timesteps=total_timesteps,
        ^^^^^^^^^^^^^^^^^^^^^^^^^^^^^^^^
    ...<4 lines>...
        progress_bar=progress_bar,
        ^^^^^^^^^^^^^^^^^^^^^^^^^^
    )
    ^
  File "C:\Users\권민우\traffic-control\.venv\Lib\site-packages\stable_baselines3\common\off_policy_algorithm.py", line 335, in learn
    rollout = self.collect_rollouts(
        self.env,
    ...<5 lines>...
        log_interval=log_interval,
    )
  File "C:\Users\권민우\traffic-control\.venv\Lib\site-packages\stable_baselines3\common\off_policy_algorithm.py", line 568, in collect_rollouts
    new_obs, rewards, dones, infos = env.step(actions)
                                     ~~~~~~~~^^^^^^^^^
  File "C:\Users\권민우\traffic-control\.venv\Lib\site-packages\stable_baselines3\common\vec_env\base_vec_env.py", line 222, in step
    return self.step_wait()
           ~~~~~~~~~~~~~~^^
  File "C:\Users\권민우\traffic-control\.venv\Lib\site-packages\stable_baselines3\common\vec_env\dummy_vec_env.py", line 71, in step_wait
    obs, self.reset_infos[env_idx] = self.envs[env_idx].reset()
                                     ~~~~~~~~~~~~~~~~~~~~~~~~^^
  File "C:\Users\권민우\traffic-control\.venv\Lib\site-packages\stable_baselines3\common\monitor.py", line 85, in reset
    return self.env.reset(**kwargs)
           ~~~~~~~~~~~~~~^^^^^^^^^^
  File "C:\Users\권민우\traffic-control\model\experiments\reward_sensitivity.py", line 75, in reset
    observation, info = super().reset(**kwargs)
                        ~~~~~~~~~~~~~^^^^^^^^^^
  File "C:\Users\권민우\traffic-control\model\env\intersection_env.py", line 153, in reset
    self._start_sumo(self._last_route_file, self._episode_seed)
    ~~~~~~~~~~~~~~~~^^^^^^^^^^^^^^^^^^^^^^^^^^^^^^^^^^^^^^^^^^^
  File "C:\Users\권민우\traffic-control\model\env\intersection_env.py", line 118, in _start_sumo
    raise RuntimeError(f"Failed to start SUMO with command: {' '.join(command)}") from exc
RuntimeError: Failed to start SUMO with command: C:\Users\권민우\traffic-control\.venv\Lib\site-packages\sumo\bin\sumo.exe -c C:\Users\권민우\traffic-control\model\results\reward_fine_search_2026-10-09\runs\multiseed\seed_42\candidate_13\attempt_001\experiment_13\sumo\simulation.sumocfg --net-file C:\Users\권민우\traffic-control\model\results\reward_fine_search_2026-10-09\runs\multiseed\seed_42\candidate_13\attempt_001\experiment_13\sumo\intersection.net.xml --route-files C:\Users\권민우\traffic-control\model\results\reward_fine_search_2026-10-09\runs\multiseed\seed_42\candidate_13\attempt_001\experiment_13\sumo\generated\routes_sensitivity-dqn_175_random.rou.xml --seed 175 --step-length 0.5 --end 300 --waiting-time-memory 301 --no-step-log true --duration-log.disable true --time-to-teleport -1 --collision.action warn --collision.check-junctions true
{"failed": "multiseed", "candidate": 13, "error": "RuntimeError('Failed to start SUMO with command: C:\\\\Users\\\\\uad8c\ubbfc\uc6b0\\\\traffic-control\\\\.venv\\\\Lib\\\\site-packages\\\\sumo\\\\bin\\\\sumo.exe -c C:\\\\Users\\\\\uad8c\ubbfc\uc6b0\\\\traffic-control\\\\model\\\\results\\\\reward_fine_search_2026-10-09\\\\runs\\\\multiseed\\\\seed_42\\\\candidate_13\\\\attempt_001\\\\experiment_13\\\\sumo\\\\simulation.sumocfg --net-file C:\\\\Users\\\\\uad8c\ubbfc\uc6b0\\\\traffic-control\\\\model\\\\results\\\\reward_fine_search_2026-10-09\\\\runs\\\\multiseed\\\\seed_42\\\\candidate_13\\\\attempt_001\\\\experiment_13\\\\sumo\\\\intersection.net.xml --route-files C:\\\\Users\\\\\uad8c\ubbfc\uc6b0\\\\traffic-control\\\\model\\\\results\\\\reward_fine_search_2026-10-09\\\\runs\\\\multiseed\\\\seed_42\\\\candidate_13\\\\attempt_001\\\\experiment_13\\\\sumo\\\\generated\\\\routes_sensitivity-dqn_175_random.rou.xml --seed 175 --step-length 0.5 --end 300 --waiting-time-memory 301 --no-step-log true --duration-log.disable true --time-to-teleport -1 --collision.action warn --collision.check-junctions true')"}
Error: tcpip::Socket::accept() Unable to create listening socket: Address already in use
Quitting (on error).
Warning: Vehicle 'veh_000107' performs emergency braking on lane 'N_in_0' with decel=9.00, wished=4.50, severity=1.00, time=171.00.
Warning: Vehicle 'veh_000107' performs emergency stop at the end of lane 'N_in_0' because of a red traffic light (decel=-13.04, offset=2.02), time=171.00.
Warning: Vehicle 'veh_000133' performs emergency braking on lane 'W_in_0' with decel=9.00, wished=4.50, severity=1.00, time=225.00.
Warning: Vehicle 'veh_000133' performs emergency stop at the end of lane 'W_in_0' because of a red traffic light (decel=-12.66, offset=1.83), time=225.00.
Warning: Vehicle 'veh_000067' performs emergency braking on lane 'S_in_0' with decel=9.00, wished=4.50, severity=1.00, time=102.00.
Warning: Vehicle 'veh_000067' performs emergency stop at the end of lane 'S_in_0' because of a red traffic light (decel=-13.34, offset=2.17), time=102.00.
Warning: Vehicle 'veh_000015' performs emergency braking on lane 'W_in_0' with decel=9.00, wished=4.50, severity=1.00, time=38.00.
Warning: Vehicle 'veh_000015' performs emergency stop at the end of lane 'W_in_0' because of a red traffic light (decel=-12.50, offset=1.75), time=38.00.
Warning: Vehicle 'veh_000018' performs emergency braking on lane 'E_in_0' with decel=9.00, wished=4.50, severity=1.00, time=53.00.
Warning: Vehicle 'veh_000018' performs emergency stop at the end of lane 'E_in_0' because of a red traffic light (decel=-11.48, offset=1.24), time=53.00.
Warning: Vehicle 'veh_000046' performs emergency braking on lane 'S_in_0' with decel=9.00, wished=4.50, severity=1.00, time=90.00.
Warning: Vehicle 'veh_000046' performs emergency stop at the end of lane 'S_in_0' because of a red traffic light (decel=-13.37, offset=2.19), time=90.00.
Warning: Vehicle 'veh_000085' performs emergency braking on lane 'N_in_0' with decel=9.00, wished=4.50, severity=1.00, time=109.00.
Warning: Vehicle 'veh_000085' performs emergency stop at the end of lane 'N_in_0' because of a red traffic light (decel=-12.60, offset=1.80), time=109.00.
Warning: Vehicle 'veh_000022' performs emergency braking on lane 'W_in_0' with decel=9.00, wished=4.50, severity=1.00, time=43.00.
Warning: Vehicle 'veh_000022' performs emergency stop at the end of lane 'W_in_0' because of a red traffic light (decel=-11.88, offset=1.44), time=43.00.
Warning: Vehicle 'veh_000183' performs emergency braking on lane 'E_in_0' with decel=9.00, wished=4.50, severity=1.00, time=243.00.
Warning: Vehicle 'veh_000183' performs emergency stop at the end of lane 'E_in_0' because of a red traffic light (decel=-11.52, offset=1.26), time=243.00.
Warning: Vehicle 'veh_000018' performs emergency braking on lane 'N_in_0' with decel=9.00, wished=4.50, severity=1.00, time=45.00.
Warning: Vehicle 'veh_000018' performs emergency stop at the end of lane 'N_in_0' because of a red traffic light (decel=-13.22, offset=2.11), time=45.00.
Warning: Vehicle 'veh_000129' performs emergency braking on lane 'N_in_0' with decel=9.00, wished=4.50, severity=1.00, time=168.00.
Warning: Vehicle 'veh_000129' performs emergency stop at the end of lane 'N_in_0' because of a red traffic light (decel=-11.62, offset=1.31), time=168.00.
Warning: Vehicle 'veh_000164' performs emergency braking on lane 'S_in_0' with decel=9.00, wished=4.50, severity=1.00, time=199.00.
Warning: Vehicle 'veh_000164' performs emergency stop at the end of lane 'S_in_0' because of a red traffic light (decel=-11.25, offset=1.13), time=199.00.
Warning: Vehicle 'veh_000012' performs emergency braking on lane 'N_in_0' with decel=9.00, wished=4.50, severity=1.00, time=35.00.
Warning: Vehicle 'veh_000012' performs emergency stop at the end of lane 'N_in_0' because of a red traffic light (decel=-13.03, offset=2.01), time=35.00.
Warning: Vehicle 'veh_000008' performs emergency braking on lane 'S_in_0' with decel=9.00, wished=4.50, severity=1.00, time=38.00.
Warning: Vehicle 'veh_000008' performs emergency stop at the end of lane 'S_in_0' because of a red traffic light (decel=-13.14, offset=2.07), time=38.00.
Warning: Vehicle 'veh_000021' performs emergency braking on lane 'W_in_0' with decel=9.00, wished=4.50, severity=1.00, time=44.00.
Warning: Vehicle 'veh_000021' performs emergency stop at the end of lane 'W_in_0' because of a red traffic light (decel=-12.10, offset=1.55), time=44.00.
Warning: Vehicle 'veh_000119' performs emergency braking on lane 'E_in_0' with decel=9.00, wished=4.50, severity=1.00, time=129.00.
Warning: Vehicle 'veh_000119' performs emergency stop at the end of lane 'E_in_0' because of a red traffic light (decel=-12.40, offset=1.70), time=129.00.
Warning: Vehicle 'veh_000104' performs emergency braking on lane 'E_in_0' with decel=9.00, wished=4.50, severity=1.00, time=131.00.
Warning: Vehicle 'veh_000104' performs emergency stop at the end of lane 'E_in_0' because of a red traffic light (decel=-10.52, offset=0.76), time=131.00.
Warning: Vehicle 'veh_000036' performs emergency braking on lane 'N_in_0' with decel=9.00, wished=4.50, severity=1.00, time=66.00.
Warning: Vehicle 'veh_000036' performs emergency stop at the end of lane 'N_in_0' because of a red traffic light (decel=-12.30, offset=1.65), time=66.00.
Warning: Vehicle 'veh_000036' performs emergency braking on lane 'N_in_0' with decel=9.00, wished=4.50, severity=1.00, time=66.00.
Warning: Vehicle 'veh_000036' performs emergency stop at the end of lane 'N_in_0' because of a red traffic light (decel=-12.30, offset=1.65), time=66.00.
Warning: Vehicle 'veh_000135' performs emergency braking on lane 'E_in_0' with decel=9.00, wished=4.50, severity=1.00, time=166.00.
Warning: Vehicle 'veh_000135' performs emergency stop at the end of lane 'E_in_0' because of a red traffic light (decel=-12.00, offset=1.50), time=166.00.
Warning: Vehicle 'veh_000177' performs emergency braking on lane 'S_in_0' with decel=9.00, wished=4.50, severity=1.00, time=201.00.
Warning: Vehicle 'veh_000177' performs emergency stop at the end of lane 'S_in_0' because of a red traffic light (decel=-13.51, offset=2.26), time=201.00.
Warning: Vehicle 'veh_000150' performs emergency braking on lane 'E_in_0' with decel=9.00, wished=4.50, severity=1.00, time=253.00.
Warning: Vehicle 'veh_000150' performs emergency stop at the end of lane 'E_in_0' because of a red traffic light (decel=-12.48, offset=1.74), time=253.00.
Warning: Vehicle 'veh_000037' performs emergency braking on lane 'E_in_0' with decel=9.00, wished=4.50, severity=1.00, time=51.00.
Warning: Vehicle 'veh_000037' performs emergency stop at the end of lane 'E_in_0' because of a red traffic light (decel=-11.67, offset=1.34), time=51.00.
Warning: Vehicle 'veh_000037' performs emergency braking on lane 'N_in_0' with decel=9.00, wished=4.50, severity=1.00, time=54.00.
Warning: Vehicle 'veh_000037' performs emergency stop at the end of lane 'N_in_0' because of a red traffic light (decel=-13.02, offset=2.01), time=54.00.
Warning: Vehicle 'veh_000156' performs emergency braking on lane 'S_in_0' with decel=9.00, wished=4.50, severity=1.00, time=162.00.
Warning: Vehicle 'veh_000156' performs emergency stop at the end of lane 'S_in_0' because of a red traffic light (decel=-12.45, offset=1.73), time=162.00.
{"completed": "multiseed", "candidate": 11, "training_seed": 42, "folder": "C:\\Users\\\uad8c\ubbfc\uc6b0\\traffic-control\\model\\results\\reward_fine_search_2026-10-09\\runs\\multiseed\\seed_42\\candidate_11\\attempt_001\\experiment_11"}
{"completed": "multiseed", "candidate": 11, "training_seed": 22, "folder": "C:\\Users\\\uad8c\ubbfc\uc6b0\\traffic-control\\model\\results\\reward_fine_search_2026-10-09\\runs\\multiseed\\seed_22\\candidate_11\\attempt_001\\experiment_11"}
{"completed": "multiseed", "candidate": 14, "training_seed": 22, "folder": "C:\\Users\\\uad8c\ubbfc\uc6b0\\traffic-control\\model\\results\\reward_fine_search_2026-10-09\\runs\\multiseed\\seed_22\\candidate_14\\attempt_001\\experiment_14"}
{"completed": "multiseed", "candidate": 15, "training_seed": 22, "folder": "C:\\Users\\\uad8c\ubbfc\uc6b0\\traffic-control\\model\\results\\reward_fine_search_2026-10-09\\runs\\multiseed\\seed_22\\candidate_15\\attempt_001\\experiment_15"}
Warning: Vehicle 'veh_000121' performs emergency braking on lane 'W_in_0' with decel=9.00, wished=4.50, severity=1.00, time=168.00.
Warning: Vehicle 'veh_000121' performs emergency stop at the end of lane 'W_in_0' because of a red traffic light (decel=-13.27, offset=2.13), time=168.00.
Warning: Vehicle 'veh_000018' performs emergency braking on lane 'W_in_0' with decel=9.00, wished=4.50, severity=1.00, time=38.00.
Warning: Vehicle 'veh_000018' performs emergency stop at the end of lane 'W_in_0' because of a red traffic light (decel=-13.89, offset=2.45), time=38.00.
{"completed": "multiseed", "candidate": 13, "training_seed": 22, "folder": "C:\\Users\\\uad8c\ubbfc\uc6b0\\traffic-control\\model\\results\\reward_fine_search_2026-10-09\\runs\\multiseed\\seed_22\\candidate_13\\attempt_001\\experiment_13"}
Warning: Vehicle 'veh_000018' performs emergency braking on lane 'W_in_0' with decel=9.00, wished=4.50, severity=1.00, time=38.00.
Warning: Vehicle 'veh_000018' performs emergency stop at the end of lane 'W_in_0' because of a red traffic light (decel=-13.89, offset=2.45), time=38.00.
Warning: Vehicle 'veh_000018' performs emergency braking on lane 'W_in_0' with decel=9.00, wished=4.50, severity=1.00, time=38.00.
Warning: Vehicle 'veh_000018' performs emergency stop at the end of lane 'W_in_0' because of a red traffic light (decel=-13.89, offset=2.45), time=38.00.
Warning: Vehicle 'veh_000018' performs emergency braking on lane 'W_in_0' with decel=9.00, wished=4.50, severity=1.00, time=38.00.
Warning: Vehicle 'veh_000018' performs emergency stop at the end of lane 'W_in_0' because of a red traffic light (decel=-13.89, offset=2.45), time=38.00.
Warning: Vehicle 'veh_000036' performs emergency braking on lane 'N_in_0' with decel=9.00, wished=4.50, severity=1.00, time=66.00.
Warning: Vehicle 'veh_000036' performs emergency stop at the end of lane 'N_in_0' because of a red traffic light (decel=-12.30, offset=1.65), time=66.00.
Warning: Vehicle 'veh_000008' performs emergency braking on lane 'N_in_0' with decel=9.00, wished=4.50, severity=1.00, time=29.00.
Warning: Vehicle 'veh_000008' performs emergency stop at the end of lane 'N_in_0' because of a red traffic light (decel=-13.49, offset=2.25), time=29.00.
Warning: Vehicle 'veh_000008' performs emergency braking on lane 'N_in_0' with decel=9.00, wished=4.50, severity=1.00, time=29.00.
Warning: Vehicle 'veh_000008' performs emergency stop at the end of lane 'N_in_0' because of a red traffic light (decel=-13.49, offset=2.25), time=29.00.
Warning: Vehicle 'veh_000008' performs emergency braking on lane 'N_in_0' with decel=9.00, wished=4.50, severity=1.00, time=29.00.
Warning: Vehicle 'veh_000008' performs emergency stop at the end of lane 'N_in_0' because of a red traffic light (decel=-13.49, offset=2.25), time=29.00.
Warning: Vehicle 'veh_000008' performs emergency braking on lane 'N_in_0' with decel=9.00, wished=4.50, severity=1.00, time=29.00.
Warning: Vehicle 'veh_000008' performs emergency stop at the end of lane 'N_in_0' because of a red traffic light (decel=-13.49, offset=2.25), time=29.00.
Warning: Vehicle 'veh_000063' performs emergency braking on lane 'E_in_0' with decel=9.00, wished=4.50, severity=1.00, time=135.00.
Warning: Vehicle 'veh_000063' performs emergency stop at the end of lane 'E_in_0' because of a red traffic light (decel=-13.02, offset=2.01), time=135.00.
Warning: Vehicle 'veh_000014' performs emergency braking on lane 'W_in_0' with decel=9.00, wished=4.50, severity=1.00, time=38.00.
Warning: Vehicle 'veh_000014' performs emergency stop at the end of lane 'W_in_0' because of a red traffic light (decel=-10.97, offset=0.99), time=38.00.
Warning: Vehicle 'veh_000241' performs emergency braking on lane 'N_in_0' with decel=9.00, wished=4.50, severity=1.00, time=240.00.
Warning: Vehicle 'veh_000241' performs emergency stop at the end of lane 'N_in_0' because of a red traffic light (decel=-10.83, offset=0.91), time=240.00.
Warning: Vehicle 'veh_000093' performs emergency braking on lane 'E_in_0' with decel=9.00, wished=4.50, severity=1.00, time=150.00.
Warning: Vehicle 'veh_000093' performs emergency stop at the end of lane 'E_in_0' because of a red traffic light (decel=-11.18, offset=1.09), time=150.00.
Warning: Vehicle 'veh_000151' performs emergency braking on lane 'E_in_0' with decel=9.00, wished=4.50, severity=1.00, time=227.00.
Warning: Vehicle 'veh_000151' performs emergency stop at the end of lane 'E_in_0' because of a red traffic light (decel=-11.08, offset=1.04), time=227.00.
Warning: Vehicle 'veh_000151' performs emergency braking on lane 'E_in_0' with decel=9.00, wished=4.50, severity=1.00, time=227.00.
Warning: Vehicle 'veh_000151' performs emergency stop at the end of lane 'E_in_0' because of a red traffic light (decel=-10.47, offset=0.73), time=227.00.
Warning: Vehicle 'veh_000186' performs emergency braking on lane 'S_in_0' with decel=9.00, wished=4.50, severity=1.00, time=188.00.
Warning: Vehicle 'veh_000186' performs emergency stop at the end of lane 'S_in_0' because of a red traffic light (decel=-12.39, offset=1.69), time=188.00.
Warning: Vehicle 'veh_000065' performs emergency braking on lane 'E_in_0' with decel=9.00, wished=4.50, severity=1.00, time=237.00.
Warning: Vehicle 'veh_000065' performs emergency stop at the end of lane 'E_in_0' because of a red traffic light (decel=-11.24, offset=1.12), time=237.00.
Warning: Vehicle 'veh_000032' performs emergency braking on lane 'N_in_0' with decel=9.00, wished=4.50, severity=1.00, time=55.00.
Warning: Vehicle 'veh_000032' performs emergency stop at the end of lane 'N_in_0' because of a red traffic light (decel=-12.68, offset=1.84), time=55.00.
Warning: Vehicle 'veh_000026' performs emergency braking on lane 'N_in_0' with decel=9.00, wished=4.50, severity=1.00, time=61.00.
Warning: Vehicle 'veh_000026' performs emergency stop at the end of lane 'N_in_0' because of a red traffic light (decel=-12.47, offset=1.74), time=61.00.
Warning: Vehicle 'veh_000026' performs emergency braking on lane 'N_in_0' with decel=9.00, wished=4.50, severity=1.00, time=61.00.
Warning: Vehicle 'veh_000026' performs emergency stop at the end of lane 'N_in_0' because of a red traffic light (decel=-11.71, offset=1.35), time=61.00.
Warning: Vehicle 'veh_000012' performs emergency braking on lane 'N_in_0' with decel=9.00, wished=4.50, severity=1.00, time=36.00.
Warning: Vehicle 'veh_000012' performs emergency stop at the end of lane 'N_in_0' because of a red traffic light (decel=-13.91, offset=2.11), time=36.00.
Warning: Vehicle 'veh_000119' performs emergency braking on lane 'W_in_0' with decel=9.00, wished=4.50, severity=1.00, time=187.00.
Warning: Vehicle 'veh_000119' performs emergency stop at the end of lane 'W_in_0' because of a red traffic light (decel=-12.80, offset=1.90), time=187.00.
Warning: Vehicle 'veh_000081' performs emergency braking on lane 'E_in_0' with decel=9.00, wished=4.50, severity=1.00, time=150.00.
Warning: Vehicle 'veh_000081' performs emergency stop at the end of lane 'E_in_0' because of a red traffic light (decel=-13.26, offset=2.13), time=150.00.
Warning: Vehicle 'veh_000042' performs emergency braking on lane 'W_in_0' with decel=9.00, wished=4.50, severity=1.00, time=96.00.
Warning: Vehicle 'veh_000042' performs emergency stop at the end of lane 'W_in_0' because of a red traffic light (decel=-13.52, offset=2.07), time=96.00.
Warning: Vehicle 'veh_000162' performs emergency braking on lane 'W_in_0' with decel=9.00, wished=4.50, severity=1.00, time=237.00.
Warning: Vehicle 'veh_000162' performs emergency stop at the end of lane 'W_in_0' because of a red traffic light (decel=-13.47, offset=2.24), time=237.00.
Warning: Vehicle 'veh_000015' performs emergency braking on lane 'W_in_0' with decel=9.00, wished=4.50, severity=1.00, time=38.00.
Warning: Vehicle 'veh_000015' performs emergency stop at the end of lane 'W_in_0' because of a red traffic light (decel=-12.50, offset=1.75), time=38.00.
Warning: Vehicle 'veh_000015' performs emergency braking on lane 'W_in_0' with decel=9.00, wished=4.50, severity=1.00, time=38.00.
Warning: Vehicle 'veh_000015' performs emergency stop at the end of lane 'W_in_0' because of a red traffic light (decel=-12.50, offset=1.75), time=38.00.
Warning: Vehicle 'veh_000015' performs emergency braking on lane 'W_in_0' with decel=9.00, wished=4.50, severity=1.00, time=38.00.
Warning: Vehicle 'veh_000015' performs emergency stop at the end of lane 'W_in_0' because of a red traffic light (decel=-12.50, offset=1.75), time=38.00.
Warning: Vehicle 'veh_000015' performs emergency braking on lane 'W_in_0' with decel=9.00, wished=4.50, severity=1.00, time=38.00.
Warning: Vehicle 'veh_000015' performs emergency stop at the end of lane 'W_in_0' because of a red traffic light (decel=-12.50, offset=1.75), time=38.00.
Warning: Vehicle 'veh_000049' performs emergency braking on lane 'N_in_0' with decel=9.00, wished=4.50, severity=1.00, time=66.00.
Warning: Vehicle 'veh_000049' performs emergency stop at the end of lane 'N_in_0' because of a red traffic light (decel=-14.37, offset=2.56), time=66.00.
Warning: Vehicle 'veh_000220' performs emergency braking on lane 'N_in_0' with decel=9.00, wished=4.50, severity=1.00, time=256.00.
Warning: Vehicle 'veh_000220' performs emergency stop at the end of lane 'N_in_0' because of a red traffic light (decel=-13.80, offset=2.14), time=256.00.
Warning: Vehicle 'veh_000015' performs emergency braking on lane 'W_in_0' with decel=9.00, wished=4.50, severity=1.00, time=38.00.
Warning: Vehicle 'veh_000015' performs emergency stop at the end of lane 'W_in_0' because of a red traffic light (decel=-12.50, offset=1.75), time=38.00.
Warning: Vehicle 'veh_000095' performs emergency braking on lane 'W_in_0' with decel=9.00, wished=4.50, severity=1.00, time=126.00.
Warning: Vehicle 'veh_000095' performs emergency stop at the end of lane 'W_in_0' because of a red traffic light (decel=-11.07, offset=1.03), time=126.00.
Warning: Vehicle 'veh_000021' performs emergency braking on lane 'N_in_0' with decel=9.00, wished=4.50, severity=1.00, time=61.00.
Warning: Vehicle 'veh_000021' performs emergency stop at the end of lane 'N_in_0' because of a red traffic light (decel=-11.58, offset=1.29), time=61.00.
Warning: Vehicle 'veh_000085' performs emergency braking on lane 'N_in_0' with decel=9.00, wished=4.50, severity=1.00, time=109.00.
Warning: Vehicle 'veh_000085' performs emergency stop at the end of lane 'N_in_0' because of a red traffic light (decel=-13.33, offset=2.16), time=109.00.
Warning: Vehicle 'veh_000023' performs emergency braking on lane 'S_in_0' with decel=9.00, wished=4.50, severity=1.00, time=65.00.
Warning: Vehicle 'veh_000023' performs emergency stop at the end of lane 'S_in_0' because of a red traffic light (decel=-13.29, offset=2.15), time=65.00.
Warning: Vehicle 'veh_000131' performs emergency braking on lane 'W_in_0' with decel=9.00, wished=4.50, severity=1.00, time=139.00.
Warning: Vehicle 'veh_000131' performs emergency stop at the end of lane 'W_in_0' because of a red traffic light (decel=-13.41, offset=2.20), time=139.00.
Warning: Vehicle 'veh_000017' performs emergency braking on lane 'S_in_0' with decel=9.00, wished=4.50, severity=1.00, time=36.00.
Warning: Vehicle 'veh_000017' performs emergency stop at the end of lane 'S_in_0' because of a red traffic light (decel=-13.06, offset=2.03), time=36.00.
Warning: Vehicle 'veh_000017' performs emergency braking on lane 'S_in_0' with decel=9.00, wished=4.50, severity=1.00, time=36.00.
Warning: Vehicle 'veh_000017' performs emergency stop at the end of lane 'S_in_0' because of a red traffic light (decel=-13.06, offset=2.03), time=36.00.
Warning: Vehicle 'veh_000051' performs emergency braking on lane 'W_in_0' with decel=9.00, wished=4.50, severity=1.00, time=107.00.
Warning: Vehicle 'veh_000051' performs emergency stop at the end of lane 'W_in_0' because of a red traffic light (decel=-14.26, offset=2.63), time=107.00.
Warning: Vehicle 'veh_000149' performs emergency braking on lane 'W_in_0' with decel=9.00, wished=4.50, severity=1.00, time=225.00.
Warning: Vehicle 'veh_000149' performs emergency stop at the end of lane 'W_in_0' because of a red traffic light (decel=-12.55, offset=1.78), time=225.00.
Warning: Vehicle 'veh_000014' performs emergency braking on lane 'W_in_0' with decel=9.00, wished=4.50, severity=1.00, time=38.00.
Warning: Vehicle 'veh_000014' performs emergency stop at the end of lane 'W_in_0' because of a red traffic light (decel=-10.97, offset=0.99), time=38.00.
Warning: Vehicle 'veh_000125' performs emergency braking on lane 'S_in_0' with decel=9.00, wished=4.50, severity=1.00, time=169.00.
Warning: Vehicle 'veh_000125' performs emergency stop at the end of lane 'S_in_0' because of a red traffic light (decel=-10.64, offset=0.82), time=169.00.
Warning: Vehicle 'veh_000008' performs emergency braking on lane 'E_in_0' with decel=9.00, wished=4.50, severity=1.00, time=36.00.
Warning: Vehicle 'veh_000008' performs emergency stop at the end of lane 'E_in_0' because of a red traffic light (decel=-11.16, offset=1.08), time=36.00.
Warning: Vehicle 'veh_000125' performs emergency braking on lane 'S_in_0' with decel=9.00, wished=4.50, severity=1.00, time=169.00.
Warning: Vehicle 'veh_000125' performs emergency stop at the end of lane 'S_in_0' because of a red traffic light (decel=-10.79, offset=0.89), time=169.00.
Warning: Vehicle 'veh_000008' performs emergency braking on lane 'E_in_0' with decel=9.00, wished=4.50, severity=1.00, time=36.00.
Warning: Vehicle 'veh_000008' performs emergency stop at the end of lane 'E_in_0' because of a red traffic light (decel=-11.16, offset=1.08), time=36.00.
Warning: Vehicle 'veh_000028' performs emergency braking on lane 'S_in_0' with decel=9.00, wished=4.50, severity=1.00, time=52.00.
Warning: Vehicle 'veh_000028' performs emergency stop at the end of lane 'S_in_0' because of a red traffic light (decel=-13.70, offset=2.35), time=52.00.
Warning: Vehicle 'veh_000119' performs emergency braking on lane 'S_in_0' with decel=9.00, wished=4.50, severity=1.00, time=126.00.
Warning: Vehicle 'veh_000119' performs emergency stop at the end of lane 'S_in_0' because of a red traffic light (decel=-12.55, offset=1.77), time=126.00.
Warning: Vehicle 'veh_000179' performs emergency braking on lane 'W_in_0' with decel=9.00, wished=4.50, severity=1.00, time=261.00.
Warning: Vehicle 'veh_000179' performs emergency stop at the end of lane 'W_in_0' because of a red traffic light (decel=-13.14, offset=2.07), time=261.00.
Warning: Vehicle 'veh_000066' performs emergency braking on lane 'E_in_0' with decel=9.00, wished=4.50, severity=1.00, time=154.00.
Warning: Vehicle 'veh_000066' performs emergency stop at the end of lane 'E_in_0' because of a red traffic light (decel=-12.75, offset=1.88), time=154.00.
Warning: Vehicle 'veh_000121' performs emergency braking on lane 'E_in_0' with decel=9.00, wished=4.50, severity=1.00, time=105.00.
Warning: Vehicle 'veh_000121' performs emergency stop at the end of lane 'E_in_0' because of a red traffic light (decel=-13.42, offset=2.21), time=105.00.
Warning: Vehicle 'veh_000105' performs emergency braking on lane 'E_in_0' with decel=9.00, wished=4.50, severity=1.00, time=192.00.
Warning: Vehicle 'veh_000105' performs emergency stop at the end of lane 'E_in_0' because of a red traffic light (decel=-12.03, offset=1.52), time=192.00.
Warning: Vehicle 'veh_000034' performs emergency braking on lane 'N_in_0' with decel=9.00, wished=4.50, severity=1.00, time=44.00.
Warning: Vehicle 'veh_000034' performs emergency stop at the end of lane 'N_in_0' because of a red traffic light (decel=-12.84, offset=1.92), time=44.00.
Warning: Vehicle 'veh_000095' performs emergency braking on lane 'W_in_0' with decel=9.00, wished=4.50, severity=1.00, time=118.00.
Warning: Vehicle 'veh_000095' performs emergency stop at the end of lane 'W_in_0' because of a red traffic light (decel=-12.95, offset=1.97), time=118.00.
Warning: Vehicle 'veh_000037' performs emergency braking on lane 'W_in_0' with decel=9.00, wished=4.50, severity=1.00, time=77.00.
Warning: Vehicle 'veh_000037' performs emergency stop at the end of lane 'W_in_0' because of a red traffic light (decel=-12.79, offset=1.89), time=77.00.
Warning: Vehicle 'veh_000067' performs emergency braking on lane 'S_in_0' with decel=9.00, wished=4.50, severity=1.00, time=102.00.
Warning: Vehicle 'veh_000067' performs emergency stop at the end of lane 'S_in_0' because of a red traffic light (decel=-13.40, offset=1.88), time=102.00.
Warning: Vehicle 'veh_000036' performs emergency braking on lane 'E_in_0' with decel=9.00, wished=4.50, severity=1.00, time=92.00.
Warning: Vehicle 'veh_000036' performs emergency stop at the end of lane 'E_in_0' because of a red traffic light (decel=-12.40, offset=1.70), time=92.00.
Warning: Vehicle 'veh_000010' performs emergency braking on lane 'S_in_0' with decel=9.00, wished=4.50, severity=1.00, time=47.00.
Warning: Vehicle 'veh_000010' performs emergency stop at the end of lane 'S_in_0' because of a red traffic light (decel=-12.09, offset=1.55), time=47.00.
Warning: Vehicle 'veh_000175' performs emergency braking on lane 'E_in_0' with decel=9.00, wished=4.50, severity=1.00, time=225.00.
Warning: Vehicle 'veh_000175' performs emergency stop at the end of lane 'E_in_0' because of a red traffic light (decel=-13.24, offset=2.12), time=225.00.
Warning: Vehicle 'veh_000096' performs emergency braking on lane 'W_in_0' with decel=9.00, wished=4.50, severity=1.00, time=129.00.
Warning: Vehicle 'veh_000096' performs emergency stop at the end of lane 'W_in_0' because of a red traffic light (decel=-13.14, offset=2.07), time=129.00.
Warning: Vehicle 'veh_000085' performs emergency braking on lane 'S_in_0' with decel=9.00, wished=4.50, severity=1.00, time=150.00.
Warning: Vehicle 'veh_000085' performs emergency stop at the end of lane 'S_in_0' because of a red traffic light (decel=-13.49, offset=2.21), time=150.00.
Warning: Vehicle 'veh_000138' performs emergency braking on lane 'N_in_0' with decel=9.00, wished=4.50, severity=1.00, time=190.00.
Warning: Vehicle 'veh_000138' performs emergency stop at the end of lane 'N_in_0' because of a red traffic light (decel=-11.52, offset=1.26), time=190.00.
Warning: Vehicle 'veh_000024' performs emergency braking on lane 'S_in_0' with decel=9.00, wished=4.50, severity=1.00, time=48.00.
Warning: Vehicle 'veh_000024' performs emergency stop at the end of lane 'S_in_0' because of a red traffic light (decel=-12.86, offset=1.93), time=48.00.
Warning: Vehicle 'veh_000152' performs emergency braking on lane 'N_in_0' with decel=9.00, wished=4.50, severity=1.00, time=186.00.
Warning: Vehicle 'veh_000152' performs emergency stop at the end of lane 'N_in_0' because of a red traffic light (decel=-13.09, offset=2.05), time=186.00.
Warning: Vehicle 'veh_000020' performs emergency braking on lane 'W_in_0' with decel=9.00, wished=4.50, severity=1.00, time=34.00.
Warning: Vehicle 'veh_000020' performs emergency stop at the end of lane 'W_in_0' because of a red traffic light (decel=-13.07, offset=2.04), time=34.00.
Warning: Vehicle 'veh_000036' performs emergency braking on lane 'N_in_0' with decel=9.00, wished=4.50, severity=1.00, time=66.00.
Warning: Vehicle 'veh_000036' performs emergency stop at the end of lane 'N_in_0' because of a red traffic light (decel=-12.30, offset=1.65), time=66.00.
Warning: Vehicle 'veh_000016' performs emergency braking on lane 'S_in_0' with decel=9.00, wished=4.50, severity=1.00, time=41.00.
Warning: Vehicle 'veh_000016' performs emergency stop at the end of lane 'S_in_0' because of a red traffic light (decel=-14.48, offset=2.74), time=41.00.
Warning: Vehicle 'veh_000025' performs emergency braking on lane 'E_in_0' with decel=9.00, wished=4.50, severity=1.00, time=54.00.
Warning: Vehicle 'veh_000025' performs emergency stop at the end of lane 'E_in_0' because of a red traffic light (decel=-13.24, offset=1.79), time=54.00.
Warning: Vehicle 'veh_000097' performs emergency braking on lane 'W_in_0' with decel=9.00, wished=4.50, severity=1.00, time=118.00.
Warning: Vehicle 'veh_000097' performs emergency stop at the end of lane 'W_in_0' because of a red traffic light (decel=-13.66, offset=2.33), time=118.00.
Warning: Vehicle 'veh_000028' performs emergency braking on lane 'W_in_0' with decel=9.00, wished=4.50, severity=1.00, time=55.00.
Warning: Vehicle 'veh_000028' performs emergency stop at the end of lane 'W_in_0' because of a red traffic light (decel=-13.59, offset=2.30), time=55.00.
Warning: Vehicle 'veh_000068' performs emergency braking on lane 'S_in_0' with decel=9.00, wished=4.50, severity=1.00, time=119.00.
Warning: Vehicle 'veh_000068' performs emergency stop at the end of lane 'S_in_0' because of a red traffic light (decel=-13.36, offset=2.07), time=119.00.
Warning: Vehicle 'veh_000153' performs emergency braking on lane 'E_in_0' with decel=9.00, wished=4.50, severity=1.00, time=243.00.
Warning: Vehicle 'veh_000153' performs emergency stop at the end of lane 'E_in_0' because of a red traffic light (decel=-13.85, offset=2.38), time=243.00.
Warning: Vehicle 'veh_000105' performs emergency braking on lane 'E_in_0' with decel=9.00, wished=4.50, severity=1.00, time=160.00.
Warning: Vehicle 'veh_000105' performs emergency stop at the end of lane 'E_in_0' because of a red traffic light (decel=-12.89, offset=1.94), time=160.00.
Warning: Vehicle 'veh_000015' performs emergency braking on lane 'W_in_0' with decel=9.00, wished=4.50, severity=1.00, time=38.00.
Warning: Vehicle 'veh_000015' performs emergency stop at the end of lane 'W_in_0' because of a red traffic light (decel=-12.50, offset=1.75), time=38.00.
Warning: Vehicle 'veh_000114' performs emergency braking on lane 'E_in_0' with decel=9.00, wished=4.50, severity=1.00, time=181.00.
Warning: Vehicle 'veh_000114' performs emergency stop at the end of lane 'E_in_0' because of a red traffic light (decel=-11.46, offset=1.23), time=181.00.
Warning: Vehicle 'veh_000194' performs emergency braking on lane 'W_in_0' with decel=9.00, wished=4.50, severity=1.00, time=195.00.
Warning: Vehicle 'veh_000194' performs emergency stop at the end of lane 'W_in_0' because of a red traffic light (decel=-13.03, offset=2.01), time=195.00.
Warning: Vehicle 'veh_000020' performs emergency braking on lane 'N_in_0' with decel=9.00, wished=4.50, severity=1.00, time=54.00.
Warning: Vehicle 'veh_000020' performs emergency stop at the end of lane 'N_in_0' because of a red traffic light (decel=-12.79, offset=1.89), time=54.00.
Warning: Vehicle 'veh_000095' performs emergency braking on lane 'N_in_0' with decel=9.00, wished=4.50, severity=1.00, time=173.00.
Warning: Vehicle 'veh_000095' performs emergency stop at the end of lane 'N_in_0' because of a red traffic light (decel=-10.56, offset=0.78), time=173.00.
Warning: Vehicle 'veh_000150' performs emergency braking on lane 'W_in_0' with decel=9.00, wished=4.50, severity=1.00, time=189.00.
Warning: Vehicle 'veh_000150' performs emergency stop at the end of lane 'W_in_0' because of a red traffic light (decel=-11.65, offset=1.33), time=189.00.
Warning: Vehicle 'veh_000009' performs emergency braking on lane 'W_in_0' with decel=9.00, wished=4.50, severity=1.00, time=28.00.
Warning: Vehicle 'veh_000009' performs emergency stop at the end of lane 'W_in_0' because of a red traffic light (decel=-12.93, offset=1.97), time=28.00.
Warning: Vehicle 'veh_000059' performs emergency braking on lane 'W_in_0' with decel=9.00, wished=4.50, severity=1.00, time=78.00.
Warning: Vehicle 'veh_000059' performs emergency stop at the end of lane 'W_in_0' because of a red traffic light (decel=-12.74, offset=1.87), time=78.00.
Warning: Vehicle 'veh_000003' performs emergency braking on lane 'E_in_0' with decel=9.00, wished=4.50, severity=1.00, time=26.00.
Warning: Vehicle 'veh_000003' performs emergency stop at the end of lane 'E_in_0' because of a red traffic light (decel=-12.11, offset=1.55), time=26.00.
Warning: Vehicle 'veh_000072' performs emergency braking on lane 'N_in_0' with decel=9.00, wished=4.50, severity=1.00, time=120.00.
Warning: Vehicle 'veh_000072' performs emergency stop at the end of lane 'N_in_0' because of a red traffic light (decel=-13.61, offset=1.87), time=120.00.
Warning: Vehicle 'veh_000100' performs emergency braking on lane 'E_in_0' with decel=9.00, wished=4.50, severity=1.00, time=179.00.
Warning: Vehicle 'veh_000100' performs emergency stop at the end of lane 'E_in_0' because of a red traffic light (decel=-10.61, offset=0.80), time=179.00.
Warning: Vehicle 'veh_000098' performs emergency braking on lane 'S_in_0' with decel=9.00, wished=4.50, severity=1.00, time=227.00.
Warning: Vehicle 'veh_000098' performs emergency stop at the end of lane 'S_in_0' because of a red traffic light (decel=-12.18, offset=1.59), time=227.00.
Warning: Vehicle 'veh_000228' performs emergency braking on lane 'S_in_0' with decel=9.00, wished=4.50, severity=1.00, time=242.00.
Warning: Vehicle 'veh_000228' performs emergency stop at the end of lane 'S_in_0' because of a red traffic light (decel=-12.90, offset=1.95), time=242.00.
Warning: Vehicle 'veh_000020' performs emergency braking on lane 'W_in_0' with decel=9.00, wished=4.50, severity=1.00, time=34.00.
Warning: Vehicle 'veh_000020' performs emergency stop at the end of lane 'W_in_0' because of a red traffic light (decel=-13.07, offset=2.04), time=34.00.
Warning: Vehicle 'veh_000228' performs emergency braking on lane 'S_in_0' with decel=9.00, wished=4.50, severity=1.00, time=242.00.
Warning: Vehicle 'veh_000228' performs emergency stop at the end of lane 'S_in_0' because of a red traffic light (decel=-13.29, offset=2.01), time=242.00.
Warning: Vehicle 'veh_000083' performs emergency braking on lane 'E_in_0' with decel=9.00, wished=4.50, severity=1.00, time=120.00.
Warning: Vehicle 'veh_000083' performs emergency stop at the end of lane 'E_in_0' because of a red traffic light (decel=-12.05, offset=1.53), time=120.00.
Warning: Vehicle 'veh_000001' performs emergency braking on lane 'E_in_0' with decel=9.00, wished=4.50, severity=1.00, time=24.00.
Warning: Vehicle 'veh_000001' performs emergency stop at the end of lane 'E_in_0' because of a red traffic light (decel=-11.02, offset=1.01), time=24.00.
Warning: Vehicle 'veh_000045' performs emergency braking on lane 'S_in_0' with decel=9.00, wished=4.50, severity=1.00, time=54.00.
Warning: Vehicle 'veh_000045' performs emergency stop at the end of lane 'S_in_0' because of a red traffic light (decel=-11.56, offset=1.28), time=54.00.
Warning: Vehicle 'veh_000146' performs emergency braking on lane 'N_in_0' with decel=9.00, wished=4.50, severity=1.00, time=182.00.
Warning: Vehicle 'veh_000146' performs emergency stop at the end of lane 'N_in_0' because of a red traffic light (decel=-12.71, offset=1.86), time=182.00.
{"completed": "multiseed", "candidate": 14, "training_seed": 42, "folder": "C:\\Users\\\uad8c\ubbfc\uc6b0\\traffic-control\\model\\results\\reward_fine_search_2026-10-09\\runs\\multiseed\\seed_42\\candidate_14\\attempt_001\\experiment_14"}
Warning: Vehicle 'veh_000211' performs emergency braking on lane 'N_in_0' with decel=9.00, wished=4.50, severity=1.00, time=233.00.
Warning: Vehicle 'veh_000211' performs emergency stop at the end of lane 'N_in_0' because of a red traffic light (decel=-13.42, offset=1.45), time=233.00.
Warning: Vehicle 'veh_000012' performs emergency braking on lane 'N_in_0' with decel=9.00, wished=4.50, severity=1.00, time=46.00.
Warning: Vehicle 'veh_000012' performs emergency stop at the end of lane 'N_in_0' because of a red traffic light (decel=-13.90, offset=2.45), time=46.00.
Warning: Vehicle 'veh_000011' performs emergency braking on lane 'S_in_0' with decel=9.00, wished=4.50, severity=1.00, time=48.00.
Warning: Vehicle 'veh_000011' performs emergency stop at the end of lane 'S_in_0' because of a red traffic light (decel=-10.73, offset=0.87), time=48.00.
Warning: Vehicle 'veh_000096' performs emergency braking on lane 'W_in_0' with decel=9.00, wished=4.50, severity=1.00, time=152.00.
Warning: Vehicle 'veh_000096' performs emergency stop at the end of lane 'W_in_0' because of a red traffic light (decel=-13.52, offset=2.15), time=152.00.
Warning: Vehicle 'veh_000209' performs emergency braking on lane 'E_in_0' with decel=9.00, wished=4.50, severity=1.00, time=188.00.
Warning: Vehicle 'veh_000209' performs emergency stop at the end of lane 'E_in_0' because of a red traffic light (decel=-12.06, offset=1.53), time=188.00.
Warning: Vehicle 'veh_000015' performs emergency braking on lane 'W_in_0' with decel=9.00, wished=4.50, severity=1.00, time=38.00.
Warning: Vehicle 'veh_000015' performs emergency stop at the end of lane 'W_in_0' because of a red traffic light (decel=-12.50, offset=1.75), time=38.00.
Warning: Vehicle 'veh_000020' performs emergency braking on lane 'N_in_0' with decel=9.00, wished=4.50, severity=1.00, time=50.00.
Warning: Vehicle 'veh_000020' performs emergency stop at the end of lane 'N_in_0' because of a red traffic light (decel=-10.95, offset=0.98), time=50.00.
Warning: Vehicle 'veh_000031' performs emergency braking on lane 'S_in_0' with decel=9.00, wished=4.50, severity=1.00, time=55.00.
Warning: Vehicle 'veh_000031' performs emergency stop at the end of lane 'S_in_0' because of a red traffic light (decel=-10.91, offset=0.95), time=55.00.
Warning: Vehicle 'veh_000036' performs emergency braking on lane 'N_in_0' with decel=9.00, wished=4.50, severity=1.00, time=59.00.
Warning: Vehicle 'veh_000036' performs emergency stop at the end of lane 'N_in_0' because of a red traffic light (decel=-13.26, offset=1.57), time=59.00.
Warning: Vehicle 'veh_000036' performs emergency braking on lane 'N_in_0' with decel=9.00, wished=4.50, severity=1.00, time=66.00.
Warning: Vehicle 'veh_000036' performs emergency stop at the end of lane 'N_in_0' because of a red traffic light (decel=-12.30, offset=1.65), time=66.00.
Warning: Vehicle 'veh_000025' performs emergency braking on lane 'S_in_0' with decel=9.00, wished=4.50, severity=1.00, time=61.00.
Warning: Vehicle 'veh_000025' performs emergency stop at the end of lane 'S_in_0' because of a red traffic light (decel=-12.41, offset=1.70), time=61.00.
Warning: Vehicle 'veh_000215' performs emergency braking on lane 'W_in_0' with decel=9.00, wished=4.50, severity=1.00, time=239.00.
Warning: Vehicle 'veh_000215' performs emergency stop at the end of lane 'W_in_0' because of a red traffic light (decel=-10.65, offset=0.83), time=239.00.
Warning: Vehicle 'veh_000185' performs emergency braking on lane 'W_in_0' with decel=9.00, wished=4.50, severity=1.00, time=210.00.
Warning: Vehicle 'veh_000185' performs emergency stop at the end of lane 'W_in_0' because of a red traffic light (decel=-11.69, offset=1.35), time=210.00.
Warning: Vehicle 'veh_000185' performs emergency braking on lane 'W_in_0' with decel=9.00, wished=4.50, severity=1.00, time=210.00.
Warning: Vehicle 'veh_000185' performs emergency stop at the end of lane 'W_in_0' because of a red traffic light (decel=-12.46, offset=1.73), time=210.00.
Warning: Vehicle 'veh_000041' performs emergency braking on lane 'N_in_0' with decel=9.00, wished=4.50, severity=1.00, time=126.00.
Warning: Vehicle 'veh_000041' performs emergency stop at the end of lane 'N_in_0' because of a red traffic light (decel=-11.80, offset=1.40), time=126.00.
Warning: Vehicle 'veh_000080' performs emergency braking on lane 'S_in_0' with decel=9.00, wished=4.50, severity=1.00, time=101.00.
Warning: Vehicle 'veh_000080' performs emergency stop at the end of lane 'S_in_0' because of a red traffic light (decel=-11.55, offset=1.28), time=101.00.
Warning: Vehicle 'veh_000030' performs emergency braking on lane 'W_in_0' with decel=9.00, wished=4.50, severity=1.00, time=55.00.
Warning: Vehicle 'veh_000030' performs emergency stop at the end of lane 'W_in_0' because of a red traffic light (decel=-13.02, offset=2.01), time=55.00.
Warning: Vehicle 'veh_000167' performs emergency braking on lane 'S_in_0' with decel=9.00, wished=4.50, severity=1.00, time=238.00.
Warning: Vehicle 'veh_000167' performs emergency stop at the end of lane 'S_in_0' because of a red traffic light (decel=-11.55, offset=1.28), time=238.00.
Warning: Vehicle 'veh_000209' performs emergency braking on lane 'E_in_0' with decel=9.00, wished=4.50, severity=1.00, time=242.00.
Warning: Vehicle 'veh_000209' performs emergency stop at the end of lane 'E_in_0' because of a red traffic light (decel=-13.53, offset=2.26), time=242.00.
Warning: Vehicle 'veh_000030' performs emergency braking on lane 'N_in_0' with decel=9.00, wished=4.50, severity=1.00, time=51.00.
Warning: Vehicle 'veh_000030' performs emergency stop at the end of lane 'N_in_0' because of a red traffic light (decel=-10.42, offset=0.71), time=51.00.
Warning: Vehicle 'veh_000146' performs emergency braking on lane 'N_in_0' with decel=9.00, wished=4.50, severity=1.00, time=185.00.
Warning: Vehicle 'veh_000146' performs emergency stop at the end of lane 'N_in_0' because of a red traffic light (decel=-12.89, offset=1.95), time=185.00.
{"completed": "multiseed", "candidate": 15, "training_seed": 42, "folder": "C:\\Users\\\uad8c\ubbfc\uc6b0\\traffic-control\\model\\results\\reward_fine_search_2026-10-09\\runs\\multiseed\\seed_42\\candidate_15\\attempt_001\\experiment_15"}
{"completed": "multiseed", "candidate": 11, "training_seed": 62, "folder": "C:\\Users\\\uad8c\ubbfc\uc6b0\\traffic-control\\model\\results\\reward_fine_search_2026-10-09\\runs\\multiseed\\seed_62\\candidate_11\\attempt_001\\experiment_11"}
Warning: Vehicle 'veh_000004' performs emergency braking on lane 'S_in_0' with decel=9.00, wished=4.50, severity=1.00, time=31.00.
Warning: Vehicle 'veh_000004' performs emergency stop at the end of lane 'S_in_0' because of a red traffic light (decel=-13.09, offset=2.05), time=31.00.
{"completed": "multiseed", "candidate": 13, "training_seed": 62, "folder": "C:\\Users\\\uad8c\ubbfc\uc6b0\\traffic-control\\model\\results\\reward_fine_search_2026-10-09\\runs\\multiseed\\seed_62\\candidate_13\\attempt_001\\experiment_13"}
{"completed": "multiseed", "candidate": 14, "training_seed": 62, "folder": "C:\\Users\\\uad8c\ubbfc\uc6b0\\traffic-control\\model\\results\\reward_fine_search_2026-10-09\\runs\\multiseed\\seed_62\\candidate_14\\attempt_001\\experiment_14"}
{"completed": "multiseed", "candidate": 15, "training_seed": 62, "folder": "C:\\Users\\\uad8c\ubbfc\uc6b0\\traffic-control\\model\\results\\reward_fine_search_2026-10-09\\runs\\multiseed\\seed_62\\candidate_15\\attempt_001\\experiment_15"}
Traceback (most recent call last):
  File "<frozen runpy>", line 198, in _run_module_as_main
  File "<frozen runpy>", line 88, in _run_code
  File "C:\Users\권민우\traffic-control\model\experiments\fine_reward_search.py", line 641, in <module>
    raise SystemExit(main())
                     ~~~~^^
  File "C:\Users\권민우\traffic-control\model\experiments\fine_reward_search.py", line 630, in main
    run_multiseed(output, config, args.workers)
    ~~~~~~~~~~~~~^^^^^^^^^^^^^^^^^^^^^^^^^^^^^^
  File "C:\Users\권민우\traffic-control\model\experiments\fine_reward_search.py", line 430, in run_multiseed
    results = run_jobs(output, 'multiseed', jobs_for(output, 'multiseed', lock['shortlist_candidate_ids'],
                       lock['candidate_weights'], config['training_seeds'], 150000), workers)
  File "C:\Users\권민우\traffic-control\model\experiments\fine_reward_search.py", line 268, in run_jobs
    raise RuntimeError(f'{len(failures)} {stage} jobs failed; completed runs remain resumable')
RuntimeError: 1 multiseed jobs failed; completed runs remain resumable
