Warning: Vehicle 'veh_000096' performs emergency braking on lane 'N_in_0' with decel=9.00, wished=4.50, severity=1.00, time=160.00.
Warning: Vehicle 'veh_000096' performs emergency stop at the end of lane 'N_in_0' because of a red traffic light (decel=-14.21, offset=2.40), time=160.00.
Warning: Vehicle 'veh_000096' performs emergency braking on lane 'N_in_0' with decel=9.00, wished=4.50, severity=1.00, time=160.00.
Warning: Vehicle 'veh_000096' performs emergency stop at the end of lane 'N_in_0' because of a red traffic light (decel=-14.21, offset=2.40), time=160.00.
Warning: Vehicle 'veh_000085' performs emergency braking on lane 'S_in_0' with decel=9.00, wished=4.50, severity=1.00, time=150.00.
Warning: Vehicle 'veh_000085' performs emergency stop at the end of lane 'S_in_0' because of a red traffic light (decel=-13.20, offset=2.10), time=150.00.
Warning: Vehicle 'veh_000085' performs emergency braking on lane 'S_in_0' with decel=9.00, wished=4.50, severity=1.00, time=150.00.
Warning: Vehicle 'veh_000085' performs emergency stop at the end of lane 'S_in_0' because of a red traffic light (decel=-13.20, offset=2.10), time=150.00.
Warning: Vehicle 'veh_000085' performs emergency braking on lane 'S_in_0' with decel=9.00, wished=4.50, severity=1.00, time=150.00.
Warning: Vehicle 'veh_000085' performs emergency stop at the end of lane 'S_in_0' because of a red traffic light (decel=-13.20, offset=2.10), time=150.00.
Warning: Vehicle 'veh_000006' performs emergency braking on lane 'S_in_0' with decel=9.00, wished=4.50, severity=1.00, time=30.00.
Warning: Vehicle 'veh_000006' performs emergency stop at the end of lane 'S_in_0' because of a red traffic light (decel=-11.13, offset=1.07), time=30.00.
Warning: Vehicle 'veh_000125' performs emergency braking on lane 'E_in_0' with decel=9.00, wished=4.50, severity=1.00, time=147.00.
Warning: Vehicle 'veh_000125' performs emergency stop at the end of lane 'E_in_0' because of a red traffic light (decel=-13.52, offset=2.05), time=147.00.
Warning: Vehicle 'veh_000099' performs emergency braking on lane 'E_in_0' with decel=9.00, wished=4.50, severity=1.00, time=126.00.
Warning: Vehicle 'veh_000099' performs emergency stop at the end of lane 'E_in_0' because of a red traffic light (decel=-12.73, offset=1.87), time=126.00.
Warning: Vehicle 'veh_000077' performs emergency braking on lane 'N_in_0' with decel=9.00, wished=4.50, severity=1.00, time=114.00.
Warning: Vehicle 'veh_000077' performs emergency stop at the end of lane 'N_in_0' because of a red traffic light (decel=-10.68, offset=0.84), time=114.00.
Warning: Vehicle 'veh_000003' performs emergency braking on lane 'S_in_0' with decel=9.00, wished=4.50, severity=1.00, time=23.00.
Warning: Vehicle 'veh_000003' performs emergency stop at the end of lane 'S_in_0' because of a red traffic light (decel=-12.56, offset=1.78), time=23.00.
Warning: Vehicle 'veh_000040' performs emergency braking on lane 'W_in_0' with decel=9.00, wished=4.50, severity=1.00, time=59.00.
Warning: Vehicle 'veh_000040' performs emergency stop at the end of lane 'W_in_0' because of a red traffic light (decel=-12.84, offset=1.92), time=59.00.
Warning: Vehicle 'veh_000016' performs emergency braking on lane 'N_in_0' with decel=9.00, wished=4.50, severity=1.00, time=54.00.
Warning: Vehicle 'veh_000016' performs emergency stop at the end of lane 'N_in_0' because of a red traffic light (decel=-10.88, offset=0.94), time=54.00.
Warning: Vehicle 'veh_000254' performs emergency braking on lane 'N_in_0' with decel=9.00, wished=4.50, severity=1.00, time=226.00.
Warning: Vehicle 'veh_000254' performs emergency stop at the end of lane 'N_in_0' because of a red traffic light (decel=-13.52, offset=1.65), time=226.00.
Warning: Vehicle 'veh_000001' performs emergency braking on lane 'E_in_0' with decel=9.00, wished=4.50, severity=1.00, time=27.00.
Warning: Vehicle 'veh_000001' performs emergency stop at the end of lane 'E_in_0' because of a red traffic light (decel=-12.87, offset=1.93), time=27.00.
Warning: Vehicle 'veh_000001' performs emergency braking on lane 'E_in_0' with decel=9.00, wished=4.50, severity=1.00, time=27.00.
Warning: Vehicle 'veh_000001' performs emergency stop at the end of lane 'E_in_0' because of a red traffic light (decel=-12.87, offset=1.93), time=27.00.
Warning: Vehicle 'veh_000033' performs emergency braking on lane 'S_in_0' with decel=9.00, wished=4.50, severity=1.00, time=81.00.
Warning: Vehicle 'veh_000033' performs emergency stop at the end of lane 'S_in_0' because of a red traffic light (decel=-10.75, offset=0.88), time=81.00.
Warning: Vehicle 'veh_000012' performs emergency braking on lane 'N_in_0' with decel=9.00, wished=4.50, severity=1.00, time=39.00.
Warning: Vehicle 'veh_000012' performs emergency stop at the end of lane 'N_in_0' because of a red traffic light (decel=-13.22, offset=2.11), time=39.00.
Warning: Vehicle 'veh_000179' performs emergency braking on lane 'S_in_0' with decel=9.00, wished=4.50, severity=1.00, time=250.00.
Warning: Vehicle 'veh_000179' performs emergency stop at the end of lane 'S_in_0' because of a red traffic light (decel=-12.54, offset=1.77), time=250.00.
Warning: Vehicle 'veh_000030' performs emergency braking on lane 'E_in_0' with decel=9.00, wished=4.50, severity=1.00, time=54.00.
Warning: Vehicle 'veh_000030' performs emergency stop at the end of lane 'E_in_0' because of a red traffic light (decel=-10.84, offset=0.92), time=54.00.
Warning: Vehicle 'veh_000052' performs emergency braking on lane 'W_in_0' with decel=9.00, wished=4.50, severity=1.00, time=81.00.
Warning: Vehicle 'veh_000052' performs emergency stop at the end of lane 'W_in_0' because of a red traffic light (decel=-13.56, offset=2.18), time=81.00.
Warning: Vehicle 'veh_000204' performs emergency braking on lane 'N_in_0' with decel=9.00, wished=4.50, severity=1.00, time=257.00.
Warning: Vehicle 'veh_000204' performs emergency stop at the end of lane 'N_in_0' because of a red traffic light (decel=-13.70, offset=2.35), time=257.00.
Warning: Vehicle 'veh_000139' performs emergency braking on lane 'E_in_0' with decel=9.00, wished=4.50, severity=1.00, time=245.00.
Warning: Vehicle 'veh_000139' performs emergency stop at the end of lane 'E_in_0' because of a red traffic light (decel=-13.23, offset=2.12), time=245.00.
Training and 30 evaluations completed: 2
Training and 30 evaluations completed: 3
Training and 30 evaluations completed: 1
Warning: Vehicle 'veh_000169' performs emergency braking on lane 'E_in_0' with decel=9.00, wished=4.50, severity=1.00, time=243.00.
Warning: Vehicle 'veh_000169' performs emergency stop at the end of lane 'E_in_0' because of a red traffic light (decel=-12.23, offset=1.61), time=243.00.
Saved model evaluated on 30 seeds: 4
Warning: Vehicle 'veh_000130' performs emergency braking on lane 'S_in_0' with decel=9.00, wished=4.50, severity=1.00, time=189.00.
Warning: Vehicle 'veh_000130' performs emergency stop at the end of lane 'S_in_0' because of a red traffic light (decel=-13.10, offset=2.05), time=189.00.
Warning: Vehicle 'veh_000023' performs emergency braking on lane 'S_in_0' with decel=9.00, wished=4.50, severity=1.00, time=55.00.
Warning: Vehicle 'veh_000023' performs emergency stop at the end of lane 'S_in_0' because of a red traffic light (decel=-11.31, offset=1.16), time=55.00.
Saved model evaluated on 30 seeds: 5
Saved model evaluated on 30 seeds: 6
Warning: Vehicle 'veh_000126' performs emergency braking on lane 'E_in_0' with decel=9.00, wished=4.50, severity=1.00, time=178.00.
Warning: Vehicle 'veh_000126' performs emergency stop at the end of lane 'E_in_0' because of a red traffic light (decel=-12.90, offset=1.95), time=178.00.
Warning: Vehicle 'veh_000017' performs emergency braking on lane 'W_in_0' with decel=9.00, wished=4.50, severity=1.00, time=46.00.
Warning: Vehicle 'veh_000017' performs emergency stop at the end of lane 'W_in_0' because of a red traffic light (decel=-12.75, offset=1.87), time=46.00.
Saved model evaluated on 30 seeds: 7
Completed and verified all 210 evaluation episodes.
